Archive member included to satisfy reference by file (symbol)

/usr/lib/gcc/arm-none-eabi/15.2.0/thumb/v6-m/nofp/libgcc.a(_dvmd_tls.o)
                              CMakeFiles/sessionpad.dir/home/sean/applications/pico-sdk/src/rp2_common/pico_divider/divider_hardware.S.o (__aeabi_idiv0)
/usr/lib/gcc/arm-none-eabi/15.2.0/../../../../arm-none-eabi/lib/thumb/v6-m/nofp/libg.a(libc_a-atexit.o)
                              /usr/lib/gcc/arm-none-eabi/15.2.0/../../../../arm-none-eabi/lib/thumb/v6-m/nofp/crt0.o (atexit)
/usr/lib/gcc/arm-none-eabi/15.2.0/../../../../arm-none-eabi/lib/thumb/v6-m/nofp/libg.a(libc_a-calloc.o)
                              CMakeFiles/sessionpad.dir/home/sean/applications/pico-sdk/src/rp2_common/pico_malloc/malloc.c.o (calloc)
/usr/lib/gcc/arm-none-eabi/15.2.0/../../../../arm-none-eabi/lib/thumb/v6-m/nofp/libg.a(libc_a-callocr.o)
                              /usr/lib/gcc/arm-none-eabi/15.2.0/../../../../arm-none-eabi/lib/thumb/v6-m/nofp/libg.a(libc_a-calloc.o) (_calloc_r)
/usr/lib/gcc/arm-none-eabi/15.2.0/../../../../arm-none-eabi/lib/thumb/v6-m/nofp/libg.a(libc_a-malloc.o)
                              CMakeFiles/sessionpad.dir/home/sean/applications/pico-sdk/src/rp2_common/pico_malloc/malloc.c.o (malloc)
/usr/lib/gcc/arm-none-eabi/15.2.0/../../../../arm-none-eabi/lib/thumb/v6-m/nofp/libg.a(libc_a-mallocr.o)
                              /usr/lib/gcc/arm-none-eabi/15.2.0/../../../../arm-none-eabi/lib/thumb/v6-m/nofp/libg.a(libc_a-callocr.o) (_malloc_r)
/usr/lib/gcc/arm-none-eabi/15.2.0/../../../../arm-none-eabi/lib/thumb/v6-m/nofp/libg.a(libc_a-mlock.o)
                              /usr/lib/gcc/arm-none-eabi/15.2.0/../../../../arm-none-eabi/lib/thumb/v6-m/nofp/libg.a(libc_a-mallocr.o) (__malloc_lock)
/usr/lib/gcc/arm-none-eabi/15.2.0/../../../../arm-none-eabi/lib/thumb/v6-m/nofp/libg.a(libc_a-realloc.o)
                              CMakeFiles/sessionpad.dir/home/sean/applications/pico-sdk/src/rp2_common/pico_malloc/malloc.c.o (realloc)
/usr/lib/gcc/arm-none-eabi/15.2.0/../../../../arm-none-eabi/lib/thumb/v6-m/nofp/libg.a(libc_a-reallocr.o)
                              /usr/lib/gcc/arm-none-eabi/15.2.0/../../../../arm-none-eabi/lib/thumb/v6-m/nofp/libg.a(libc_a-realloc.o) (_realloc_r)
/usr/lib/gcc/arm-none-eabi/15.2.0/../../../../arm-none-eabi/lib/thumb/v6-m/nofp/libg.a(libc_a-memcmp.o)
                              CMakeFiles/sessionpad.dir/home/sean/applications/pico-sdk/src/rp2_common/pico_atomic/atomic.c.o (memcmp)
/usr/lib/gcc/arm-none-eabi/15.2.0/../../../../arm-none-eabi/lib/thumb/v6-m/nofp/libg.a(libc_a-memmove.o)
                              /usr/lib/gcc/arm-none-eabi/15.2.0/../../../../arm-none-eabi/lib/thumb/v6-m/nofp/libg.a(libc_a-reallocr.o) (memmove)
/usr/lib/gcc/arm-none-eabi/15.2.0/../../../../arm-none-eabi/lib/thumb/v6-m/nofp/libg.a(libc_a-lcltime_r.o)
                              CMakeFiles/sessionpad.dir/home/sean/applications/pico-sdk/src/common/pico_util/datetime.c.o (localtime_r)
/usr/lib/gcc/arm-none-eabi/15.2.0/../../../../arm-none-eabi/lib/thumb/v6-m/nofp/libg.a(libc_a-mktime.o)
                              CMakeFiles/sessionpad.dir/home/sean/applications/pico-sdk/src/common/pico_util/datetime.c.o (mktime)
/usr/lib/gcc/arm-none-eabi/15.2.0/../../../../arm-none-eabi/lib/thumb/v6-m/nofp/libg.a(libc_a-month_lengths.o)
                              /usr/lib/gcc/arm-none-eabi/15.2.0/../../../../arm-none-eabi/lib/thumb/v6-m/nofp/libg.a(libc_a-lcltime_r.o) (__month_lengths)
/usr/lib/gcc/arm-none-eabi/15.2.0/../../../../arm-none-eabi/lib/thumb/v6-m/nofp/libg.a(libc_a-tzcalc_limits.o)
                              /usr/lib/gcc/arm-none-eabi/15.2.0/../../../../arm-none-eabi/lib/thumb/v6-m/nofp/libg.a(libc_a-lcltime_r.o) (__tzcalc_limits)
/usr/lib/gcc/arm-none-eabi/15.2.0/../../../../arm-none-eabi/lib/thumb/v6-m/nofp/libg.a(libc_a-tzlock.o)
                              /usr/lib/gcc/arm-none-eabi/15.2.0/../../../../arm-none-eabi/lib/thumb/v6-m/nofp/libg.a(libc_a-lcltime_r.o) (__tz_lock)
/usr/lib/gcc/arm-none-eabi/15.2.0/../../../../arm-none-eabi/lib/thumb/v6-m/nofp/libg.a(libc_a-tzset.o)
                              /usr/lib/gcc/arm-none-eabi/15.2.0/../../../../arm-none-eabi/lib/thumb/v6-m/nofp/libg.a(libc_a-lcltime_r.o) (_tzset_unlocked)
/usr/lib/gcc/arm-none-eabi/15.2.0/../../../../arm-none-eabi/lib/thumb/v6-m/nofp/libg.a(libc_a-tzset_r.o)
                              /usr/lib/gcc/arm-none-eabi/15.2.0/../../../../arm-none-eabi/lib/thumb/v6-m/nofp/libg.a(libc_a-tzset.o) (_tzset_unlocked_r)
/usr/lib/gcc/arm-none-eabi/15.2.0/../../../../arm-none-eabi/lib/thumb/v6-m/nofp/libg.a(libc_a-tzvars.o)
                              /usr/lib/gcc/arm-none-eabi/15.2.0/../../../../arm-none-eabi/lib/thumb/v6-m/nofp/libg.a(libc_a-tzset_r.o) (_timezone)
/usr/lib/gcc/arm-none-eabi/15.2.0/../../../../arm-none-eabi/lib/thumb/v6-m/nofp/libg.a(libc_a-impure.o)
[...]
Memory Configuration

Name             Origin             Length             Attributes
FLASH            0x10000000         0x00200000         xr
RAM              0x20000000         0x00040000         xrw
SCRATCH_X        0x20040000         0x00001000         xrw
SCRATCH_Y        0x20041000         0x00001000         xrw
*default*        0x00000000         0xffffffff

Linker script and memory map

LOAD /usr/lib/gcc/arm-none-eabi/15.2.0/thumb/v6-m/nofp/crti.o
LOAD /usr/lib/gcc/arm-none-eabi/15.2.0/thumb/v6-m/nofp/crtbegin.o
LOAD /usr/lib/gcc/arm-none-eabi/15.2.0/../../../../arm-none-eabi/lib/thumb/v6-m/nofp/crt0.o

.flash_begin    0x10000000        0x0
                0x10000000                        __flash_binary_start = .

.boot2          0x10000000      0x100
                0x10000000                        __boot2_start__ = .
 *(.boot2)
 .boot2         0x10000000      0x100 pico-sdk/src/rp2040/boot_stage2/CMakeFiles/bs2_default_library.dir/bs2_default_padded_checksummed.S.o
                0x10000100                        __boot2_end__ = .
                0x00000001                        ASSERT (((__boot2_end__ - __boot2_start__) == 0x100), ERROR: Pico second stage bootloader must be 256 bytes in size)

.text           0x10000100     0x6ca0
                0x10000100                        __logical_binary_start = .
 *(.vectors)
 .vectors       0x10000100       0xd4 CMakeFiles/sessionpad.dir/home/sean/applications/pico-sdk/src/rp2_common/pico_crt0/crt0.S.o
                0x10000100                __vectors
                0x10000100                __VECTOR_TABLE
                0x100001c0                isr_irq30
                0x100001c0                __unhandled_user_irq
                0x100001c0                isr_irq13
                0x100001c0                isr_irq27
                0x100001c0                isr_irq31
                0x100001c0                isr_irq5
                0x100001c0                isr_irq11
                0x100001c0                isr_irq23
                0x100001c0                isr_irq18
                0x100001c0                isr_irq28
                0x100001c0                isr_irq19
                0x100001c0                isr_irq0
                0x100001c0                isr_irq6
                0x100001c0                isr_irq22
                0x100001c0                isr_irq17
                0x100001c0                isr_irq14
                0x100001c0                __vectors_end
                0x100001c0                __default_isrs_start
                0x100001c0                isr_irq2
                0x100001c0                isr_irq10
                0x100001c0                isr_irq8
                0x100001c0                isr_irq24
                0x100001c0                isr_irq1
                0x100001c0                isr_irq7
                0x100001c0                isr_irq21
                0x100001c0                isr_irq20
                0x100001c0                isr_irq15
                0x100001c0                isr_irq25
                0x100001c0                isr_irq4
                0x100001c0                isr_irq16
                0x100001c0                isr_irq29
                0x100001c0                isr_irq26
                0x100001c0                isr_irq3
                0x100001c0                isr_irq12
                0x100001c0                isr_irq9
                0x100001c6                unhandled_user_irq_num_in_r0
                0x100001c8                isr_invalid
                0x100001ca                isr_nmi
                0x100001cc                isr_hardfault
                0x100001ce                isr_svcall
                0x100001d0                isr_pendsv
                0x100001d2                isr_systick
                0x100001d4                __default_isrs_end
 *(.binary_info_header)
 .binary_info_header
                0x100001d4       0x14 CMakeFiles/sessionpad.dir/home/sean/applications/pico-sdk/src/rp2_common/pico_crt0/crt0.S.o
                0x100001e8                        __binary_info_header_end = .
 *(.embedded_block)
                0x100001e8                        __embedded_block_end = .
 *(.reset)
 .reset         0x100001e8       0x9c CMakeFiles/sessionpad.dir/home/sean/applications/pico-sdk/src/rp2_common/pico_crt0/crt0.S.o
                0x100001e8                _entry_point
 *(.init)
 .init          0x10000284        0x4 /usr/lib/gcc/arm-none-eabi/15.2.0/thumb/v6-m/nofp/crti.o
                0x10000284                _init
 *(EXCLUDE_FILE(*libm.a: *libc.a:*lib_a-mem*.o *libgcc.a:) .text*)
 .text          0x10000288       0x98 /usr/lib/gcc/arm-none-eabi/15.2.0/thumb/v6-m/nofp/crtbegin.o
 .text.startup.main
                0x10000320      0x1bc CMakeFiles/sessionpad.dir/main.c.o
                0x10000320                main
 .text.gpio_set_pulls
                0x100004dc       0x24 CMakeFiles/sessionpad.dir/home/sean/applications/pico-sdk/src/rp2_common/hardware_gpio/gpio.c.o
                0x100004dc                gpio_set_pulls
 .text.gpio_init
                0x10000500       0x3c CMakeFiles/sessionpad.dir/home/sean/applications/pico-sdk/src/rp2_common/hardware_gpio/gpio.c.o
                0x10000500                gpio_init
 .text.rp2040_chip_version
                0x1000053c        0xc CMakeFiles/sessionpad.dir/home/sean/applications/pico-sdk/src/rp2040/pico_platform/platform.c.o
                0x1000053c                rp2040_chip_version
 .text.panic    0x10000548       0x30 CMakeFiles/sessionpad.dir/home/sean/applications/pico-sdk/src/rp2_common/pico_platform_panic/panic.c.o
                0x10000548                panic
 .text.hw_claim_or_assert
                0x10000578       0x50 CMakeFiles/sessionpad.dir/home/sean/applications/pico-sdk/src/common/hardware_claim/claim.c.o
                0x10000578                hw_claim_or_assert
 .text.hw_claim_unused_from_range
                0x100005c8       0x88 CMakeFiles/sessionpad.dir/home/sean/applications/pico-sdk/src/common/hardware_claim/claim.c.o
                0x100005c8                hw_claim_unused_from_range
 .text.next_striped_spin_lock_num
                0x10000650       0x18 CMakeFiles/sessionpad.dir/home/sean/applications/pico-sdk/src/rp2_common/hardware_sync/sync.c.o
                0x10000650                next_striped_spin_lock_num
 .text.spin_lock_claim_unused
                0x10000668       0x20 CMakeFiles/sessionpad.dir/home/sean/applications/pico-sdk/src/rp2_common/hardware_sync/sync.c.o
                0x10000668                spin_lock_claim_unused
 .text.spin_locks_reset
                0x10000688       0x1c CMakeFiles/sessionpad.dir/home/sean/applications/pico-sdk/src/rp2_common/hardware_sync_spin_lock/sync_spin_lock.c.o
                0x10000688                spin_locks_reset
 .text.runtime_init_per_core_irq_priorities
                0x100006a4       0x48 CMakeFiles/sessionpad.dir/home/sean/applications/pico-sdk/src/rp2_common/hardware_irq/irq.c.o
                0x100006a4                runtime_init_per_core_irq_priorities
 .text.irq_set_enabled
                0x100006ec       0x24 CMakeFiles/sessionpad.dir/home/sean/applications/pico-sdk/src/rp2_common/hardware_irq/irq.c.o
                0x100006ec                irq_set_enabled
 .text.irq_is_enabled
                0x10000710       0x18 CMakeFiles/sessionpad.dir/home/sean/applications/pico-sdk/src/rp2_common/hardware_irq/irq.c.o
                0x10000710                irq_is_enabled
 .text.irq_set_pending
                0x10000728       0x10 CMakeFiles/sessionpad.dir/home/sean/applications/pico-sdk/src/rp2_common/hardware_irq/irq.c.o
                0x10000728                irq_set_pending
 .text.irq_has_shared_handler
                0x10000738       0x20 CMakeFiles/sessionpad.dir/home/sean/applications/pico-sdk/src/rp2_common/hardware_irq/irq.c.o
                0x10000738                irq_has_shared_handler
 .text.irq_set_exclusive_handler
                0x10000758       0x54 CMakeFiles/sessionpad.dir/home/sean/applications/pico-sdk/src/rp2_common/hardware_irq/irq.c.o
                0x10000758                irq_set_exclusive_handler
 .text.irq_add_shared_handler
                0x100007ac      0x1cc CMakeFiles/sessionpad.dir/home/sean/applications/pico-sdk/src/rp2_common/hardware_irq/irq.c.o
                0x100007ac                irq_add_shared_handler
 .text.irq_add_tail_to_free_list
                0x10000978       0xb4 CMakeFiles/sessionpad.dir/home/sean/applications/pico-sdk/src/rp2_common/hardware_irq/irq.c.o
                0x10000978                irq_add_tail_to_free_list
 .text.user_irq_claim_unused
                0x10000a2c       0x28 CMakeFiles/sessionpad.dir/home/sean/applications/pico-sdk/src/rp2_common/hardware_irq/irq.c.o
                0x10000a2c                user_irq_claim_unused
 .text.lock_init
                0x10000a54       0x10 CMakeFiles/sessionpad.dir/home/sean/applications/pico-sdk/src/common/pico_sync/lock_core.c.o
                0x10000a54                lock_init
 .text.runtime_init_mutex
                0x10000a64       0x50 CMakeFiles/sessionpad.dir/home/sean/applications/pico-sdk/src/common/pico_sync/mutex.c.o
                0x10000a64                runtime_init_mutex
 .text.mutex_init
                0x10000ab4       0x1c CMakeFiles/sessionpad.dir/home/sean/applications/pico-sdk/src/common/pico_sync/mutex.c.o
                0x10000ab4                mutex_init
 .text.critical_section_init
                0x10000ad0       0x1c CMakeFiles/sessionpad.dir/home/sean/applications/pico-sdk/src/common/pico_sync/critical_section.c.o
                0x10000ad0                critical_section_init
 .text.critical_section_init_with_lock_num
                0x10000aec       0x14 CMakeFiles/sessionpad.dir/home/sean/applications/pico-sdk/src/common/pico_sync/critical_section.c.o
                0x10000aec                critical_section_init_with_lock_num
 .text.sleep_until_callback
                0x10000b00       0x30 CMakeFiles/sessionpad.dir/home/sean/applications/pico-sdk/src/common/pico_time/time.c.o
 .text.alarm_pool_irq_handler
                0x10000b30      0x2f4 CMakeFiles/sessionpad.dir/home/sean/applications/pico-sdk/src/common/pico_time/time.c.o
 .text.runtime_init_default_alarm_pool
                0x10000e24       0xd8 CMakeFiles/sessionpad.dir/home/sean/applications/pico-sdk/src/common/pico_time/time.c.o
                0x10000e24                runtime_init_default_alarm_pool
 .text.alarm_pool_get_default
                0x10000efc        0x8 CMakeFiles/sessionpad.dir/home/sean/applications/pico-sdk/src/common/pico_time/time.c.o
                0x10000efc                alarm_pool_get_default
 .text.alarm_pool_add_alarm_at
                0x10000f04       0xcc CMakeFiles/sessionpad.dir/home/sean/applications/pico-sdk/src/common/pico_time/time.c.o
                0x10000f04                alarm_pool_add_alarm_at
 .text.alarm_pool_add_alarm_at_force_in_context
                0x10000fd0       0xbc CMakeFiles/sessionpad.dir/home/sean/applications/pico-sdk/src/common/pico_time/time.c.o
                0x10000fd0                alarm_pool_add_alarm_at_force_in_context
 .text.alarm_pool_cancel_alarm
                0x1000108c       0x74 CMakeFiles/sessionpad.dir/home/sean/applications/pico-sdk/src/common/pico_time/time.c.o
                0x1000108c                alarm_pool_cancel_alarm
 .text.alarm_pool_core_num
                0x10001100        0x4 CMakeFiles/sessionpad.dir/home/sean/applications/pico-sdk/src/common/pico_time/time.c.o
                0x10001100                alarm_pool_core_num
 .text.sleep_ms
                0x10001104       0xfc CMakeFiles/sessionpad.dir/home/sean/applications/pico-sdk/src/common/pico_time/time.c.o
                0x10001104                sleep_ms
 .text.best_effort_wfe_or_timeout
                0x10001200      0x100 CMakeFiles/sessionpad.dir/home/sean/applications/pico-sdk/src/common/pico_time/time.c.o
                0x10001200                best_effort_wfe_or_timeout
 .text.timer_hardware_alarm_claim
                0x10001300       0x14 CMakeFiles/sessionpad.dir/home/sean/applications/pico-sdk/src/rp2_common/hardware_timer/timer.c.o
                0x10001300                timer_hardware_alarm_claim
 .text.timer_time_us_64
                0x10001314       0x10 CMakeFiles/sessionpad.dir/home/sean/applications/pico-sdk/src/rp2_common/hardware_timer/timer.c.o
                0x10001314                timer_time_us_64
 .text.time_us_64
                0x10001324       0x14 CMakeFiles/sessionpad.dir/home/sean/applications/pico-sdk/src/rp2_common/hardware_timer/timer.c.o
                0x10001324                time_us_64
 .text.busy_wait_us
                0x10001338       0x6c CMakeFiles/sessionpad.dir/home/sean/applications/pico-sdk/src/rp2_common/hardware_timer/timer.c.o
                0x10001338                busy_wait_us
 .text.busy_wait_until
                0x100013a4       0x20 CMakeFiles/sessionpad.dir/home/sean/applications/pico-sdk/src/rp2_common/hardware_timer/timer.c.o
                0x100013a4                busy_wait_until
 .text.clock_configure_int_divider
                0x100013c4       0xec CMakeFiles/sessionpad.dir/home/sean/applications/pico-sdk/src/rp2_common/hardware_clocks/clocks.c.o
                0x100013c4                clock_configure_int_divider
 .text.clock_configure_undivided
                0x100014b0       0xe0 CMakeFiles/sessionpad.dir/home/sean/applications/pico-sdk/src/rp2_common/hardware_clocks/clocks.c.o
                0x100014b0                clock_configure_undivided
 .text.clock_get_hz
                0x10001590        0xc CMakeFiles/sessionpad.dir/home/sean/applications/pico-sdk/src/rp2_common/hardware_clocks/clocks.c.o
                0x10001590                clock_get_hz
 .text.pll_init
                0x1000159c       0xb0 CMakeFiles/sessionpad.dir/home/sean/applications/pico-sdk/src/rp2_common/hardware_pll/pll.c.o
                0x1000159c                pll_init
 .text.watchdog_reboot
                0x1000164c       0x9c CMakeFiles/sessionpad.dir/home/sean/applications/pico-sdk/src/rp2_common/hardware_watchdog/watchdog.c.o
                0x1000164c                watchdog_reboot
 .text.tick_start
                0x100016e8       0x10 CMakeFiles/sessionpad.dir/home/sean/applications/pico-sdk/src/rp2_common/hardware_ticks/ticks.c.o
                0x100016e8                tick_start
 .text.rom_func_lookup
                0x100016f8       0x10 CMakeFiles/sessionpad.dir/home/sean/applications/pico-sdk/src/rp2_common/pico_bootrom/bootrom.c.o
                0x100016f8                rom_func_lookup
 .text.rom_data_lookup
                0x10001708       0x10 CMakeFiles/sessionpad.dir/home/sean/applications/pico-sdk/src/rp2_common/pico_bootrom/bootrom.c.o
                0x10001708                rom_data_lookup
 .text.rom_funcs_lookup
                0x10001718       0x44 CMakeFiles/sessionpad.dir/home/sean/applications/pico-sdk/src/rp2_common/pico_bootrom/bootrom.c.o
                0x10001718                rom_funcs_lookup
 .text.rom_reset_usb_boot_extra
                0x1000175c       0x24 CMakeFiles/sessionpad.dir/home/sean/applications/pico-sdk/src/rp2_common/pico_bootrom/bootrom.c.o
                0x1000175c                rom_reset_usb_boot_extra
 .text.xosc_init
                0x10001780       0x28 CMakeFiles/sessionpad.dir/home/sean/applications/pico-sdk/src/rp2_common/hardware_xosc/xosc.c.o
                0x10001780                xosc_init
 .text.first_per_core_initializer
                0x100017a8        0x4 CMakeFiles/sessionpad.dir/home/sean/applications/pico-sdk/src/rp2_common/pico_runtime/runtime.c.o
 .text.hard_assertion_failure
                0x100017ac        0xc CMakeFiles/sessionpad.dir/home/sean/applications/pico-sdk/src/rp2_common/pico_runtime/runtime.c.o
                0x100017ac                hard_assertion_failure
 .text.runtime_run_initializers
                0x100017b8       0x28 CMakeFiles/sessionpad.dir/home/sean/applications/pico-sdk/src/rp2_common/pico_runtime/runtime.c.o
                0x100017b8                runtime_run_initializers
 .text.runtime_init_early_resets
                0x100017e0       0x2c CMakeFiles/sessionpad.dir/home/sean/applications/pico-sdk/src/rp2_common/pico_runtime_init/runtime_init.c.o
                0x100017e0                runtime_init_early_resets
 .text.runtime_init_usb_power_down
                0x1000180c       0x1c CMakeFiles/sessionpad.dir/home/sean/applications/pico-sdk/src/rp2_common/pico_runtime_init/runtime_init.c.o
                0x1000180c                runtime_init_usb_power_down
 .text.runtime_init_post_clock_resets
                0x10001828       0x20 CMakeFiles/sessionpad.dir/home/sean/applications/pico-sdk/src/rp2_common/pico_runtime_init/runtime_init.c.o
                0x10001828                runtime_init_post_clock_resets
 .text.runtime_init_rp2040_gpio_ie_disable
                0x10001848       0x14 CMakeFiles/sessionpad.dir/home/sean/applications/pico-sdk/src/rp2_common/pico_runtime_init/runtime_init.c.o
                0x10001848                runtime_init_rp2040_gpio_ie_disable
 .text.runtime_init_spin_locks_reset
                0x1000185c        0x8 CMakeFiles/sessionpad.dir/home/sean/applications/pico-sdk/src/rp2_common/pico_runtime_init/runtime_init.c.o
                0x1000185c                runtime_init_spin_locks_reset
 .text.runtime_init_install_ram_vector_table
                0x10001864       0xb8 CMakeFiles/sessionpad.dir/home/sean/applications/pico-sdk/src/rp2_common/pico_runtime_init/runtime_init.c.o
                0x10001864                runtime_init_install_ram_vector_table
 .text.runtime_init_clocks
                0x1000191c       0xd8 CMakeFiles/sessionpad.dir/home/sean/applications/pico-sdk/src/rp2_common/pico_runtime_init/runtime_init_clocks.c.o
                0x1000191c                runtime_init_clocks
 .text          0x100019f4       0x10 CMakeFiles/sessionpad.dir/home/sean/applications/pico-sdk/src/rp2_common/pico_bit_ops/bit_ops_aeabi.S.o
 .text.__wrap___aeabi_idiv
                0x10001a04       0x50 CMakeFiles/sessionpad.dir/home/sean/applications/pico-sdk/src/rp2_common/pico_divider/divider_hardware.S.o
                0x10001a04                __wrap___aeabi_idivmod
                0x10001a04                divmod_s32s32
                0x10001a04                div_s32s32
                0x10001a04                __wrap___aeabi_idiv
                0x10001a0c                divmod_s32s32_unsafe
                0x10001a38                divmod_s32s32_savestate
 .text.__wrap___aeabi_uidiv
                0x10001a54       0x4c CMakeFiles/sessionpad.dir/home/sean/applications/pico-sdk/src/rp2_common/pico_divider/divider_hardware.S.o
                0x10001a54                __wrap___aeabi_uidiv
                0x10001a54                __wrap___aeabi_uidivmod
                0x10001a54                div_u32u32
                0x10001a54                divmod_u32u32
                0x10001a5c                divmod_u32u32_unsafe
                0x10001a84                divmod_u32u32_savestate
 .text.__wrap___aeabi_ldiv
                0x10001aa0      0x424 CMakeFiles/sessionpad.dir/home/sean/applications/pico-sdk/src/rp2_common/pico_divider/divider_hardware.S.o
                0x10001aa0                div_s64s64
                0x10001aa0                divmod_s64s64
                0x10001aa0                __wrap___aeabi_ldivmod
                0x10001ad0                div_u64u64
                0x10001ad0                divmod_u64u64
                0x10001ad0                __wrap___aeabi_uldivmod
                0x10001ae0                divmod_u64u64_savestate
                0x10001b00                divmod_s64s64_unsafe
                0x10001b88                divmod_u64u64_unsafe
 .text.__wrap___aeabi_darithmetic
                0x10001ec4       0x80 CMakeFiles/sessionpad.dir/home/sean/applications/pico-sdk/src/rp2_common/pico_double/double_aeabi_rp2040.S.o
                0x10001ec4                __wrap___aeabi_drsub
                0x10001eca                __wrap___aeabi_dsub
                0x10001edc                __wrap___aeabi_dadd
                0x10001eee                __wrap___aeabi_ddiv
                0x10001f2a                __wrap___aeabi_dmul
 .text.__wrap___aeabi_cdcmple
                0x10001f44       0x6c CMakeFiles/sessionpad.dir/home/sean/applications/pico-sdk/src/rp2_common/pico_double/double_aeabi_rp2040.S.o
                0x10001f44                __wrap___aeabi_cdrcmple
                0x10001f54                __wrap___aeabi_cdcmple
                0x10001f54                __wrap___aeabi_cdcmpeq
 .text.__wrap___aeabi_dcmplt
                0x10001fb0        0xc CMakeFiles/sessionpad.dir/home/sean/applications/pico-sdk/src/rp2_common/pico_double/double_aeabi_rp2040.S.o
                0x10001fb0                __wrap___aeabi_dcmplt
 .text.__wrap___aeabi_dcmple
                0x10001fbc       0x10 CMakeFiles/sessionpad.dir/home/sean/applications/pico-sdk/src/rp2_common/pico_double/double_aeabi_rp2040.S.o
                0x10001fbc                __wrap___aeabi_dcmple
 .text.__wrap___aeabi_dcmpge
                0x10001fcc       0x10 CMakeFiles/sessionpad.dir/home/sean/applications/pico-sdk/src/rp2_common/pico_double/double_aeabi_rp2040.S.o
                0x10001fcc                __wrap___aeabi_dcmpge
 .text.__wrap___aeabi_dcmpgt
                0x10001fdc        0xa CMakeFiles/sessionpad.dir/home/sean/applications/pico-sdk/src/rp2_common/pico_double/double_aeabi_rp2040.S.o
                0x10001fdc                __wrap___aeabi_dcmpgt
 .text.__wrap___aeabi_dcmpun
                0x10001fe6       0x18 CMakeFiles/sessionpad.dir/home/sean/applications/pico-sdk/src/rp2_common/pico_double/double_aeabi_rp2040.S.o
                0x10001fe6                __wrap___aeabi_dcmpun
 *fill*         0x10001ffe        0x2 
 .text.__wrap___aeabi_i2d
                0x10002000       0x38 CMakeFiles/sessionpad.dir/home/sean/applications/pico-sdk/src/rp2_common/pico_double/double_aeabi_rp2040.S.o
                0x10002000                __wrap___aeabi_ui2d
                0x10002000                uint2double
                0x10002008                __wrap___aeabi_i2d
                0x10002008                int2double
 .text.__wrap___aeabi_d2iz
                0x10002038       0x48 CMakeFiles/sessionpad.dir/home/sean/applications/pico-sdk/src/rp2_common/pico_double/double_aeabi_rp2040.S.o
                0x10002038                __wrap___aeabi_d2iz
                0x10002038                double2int_z
 .text.__wrap___aeabi_d2uiz
                0x10002080       0x18 CMakeFiles/sessionpad.dir/home/sean/applications/pico-sdk/src/rp2_common/pico_double/double_aeabi_rp2040.S.o
                0x10002080                double2uint_z
                0x10002080                double2uint
                0x10002080                __wrap___aeabi_d2uiz
 .text.__aeabi_double_init
                0x10002098       0xa4 CMakeFiles/sessionpad.dir/home/sean/applications/pico-sdk/src/rp2_common/pico_double/double_init_rom_rp2040.c.o
                0x10002098                __aeabi_double_init
 .text.double_table_shim_on_use_helper
                0x1000213c       0x2c CMakeFiles/sessionpad.dir/home/sean/applications/pico-sdk/src/rp2_common/pico_double/double_v1_rom_shim_rp2040.S.o
                0x1000213c                double_table_shim_on_use_helper
 .text.__wrap___aeabi_dsub
                0x10002168       0x10 CMakeFiles/sessionpad.dir/home/sean/applications/pico-sdk/src/rp2_common/pico_double/double_v1_rom_shim_rp2040.S.o
                0x10002168                drsub_shim
                0x1000216e                dsub_shim
 .text.dadd_shim
                0x10002178      0x15c CMakeFiles/sessionpad.dir/home/sean/applications/pico-sdk/src/rp2_common/pico_double/double_v1_rom_shim_rp2040.S.o
                0x10002178                dadd_shim
 .text.dmul_shim
                0x100022d4      0x15c CMakeFiles/sessionpad.dir/home/sean/applications/pico-sdk/src/rp2_common/pico_double/double_v1_rom_shim_rp2040.S.o
                0x100022d4                dmul_shim
 .text.ddiv_shim
                0x10002430      0x1b0 CMakeFiles/sessionpad.dir/home/sean/applications/pico-sdk/src/rp2_common/pico_double/double_v1_rom_shim_rp2040.S.o
                0x10002430                ddiv_shim
 .text.double2uint_shim
                0x100025e0        0xe CMakeFiles/sessionpad.dir/home/sean/applications/pico-sdk/src/rp2_common/pico_double/double_v1_rom_shim_rp2040.S.o
                0x100025e0                double2uint_shim
                0x100025e2                double2ufix_shim
 *fill*         0x100025ee        0x2 
 .text.double2uint64_shim
                0x100025f0       0x70 CMakeFiles/sessionpad.dir/home/sean/applications/pico-sdk/src/rp2_common/pico_double/double_v1_rom_shim_rp2040.S.o
                0x100025f0                double2uint64_shim
                0x100025f2                double2ufix64_shim
                0x10002612                d2fix_a
 .text.dunpacks
                0x10002660       0x3c CMakeFiles/sessionpad.dir/home/sean/applications/pico-sdk/src/rp2_common/pico_double/double_v1_rom_shim_rp2040.S.o
                0x10002660                dunpacks
 .text.__aeabi_lmul
                0x1000269c       0x32 CMakeFiles/sessionpad.dir/home/sean/applications/pico-sdk/src/rp2_common/pico_int64_ops/pico_int64_ops_aeabi.S.o
                0x1000269c                __wrap___aeabi_lmul
 *fill*         0x100026ce        0x2 
 .text.__aeabi_float_init
                0x100026d0       0x68 CMakeFiles/sessionpad.dir/home/sean/applications/pico-sdk/src/rp2_common/pico_float/float_init_rom_rp2040.c.o
                0x100026d0                __aeabi_float_init
 .text.float_table_shim_on_use_helper
                0x10002738       0x2c CMakeFiles/sessionpad.dir/home/sean/applications/pico-sdk/src/rp2_common/pico_float/float_v1_rom_shim_rp2040.S.o
                0x10002738                float_table_shim_on_use_helper
 .text          0x10002764       0x10 CMakeFiles/sessionpad.dir/home/sean/applications/pico-sdk/src/rp2_common/pico_mem_ops/mem_ops_aeabi.S.o
                0x10002764                __aeabi_mem_init
 .text.memset   0x10002774        0xc CMakeFiles/sessionpad.dir/home/sean/applications/pico-sdk/src/rp2_common/pico_mem_ops/mem_ops_aeabi.S.o
                0x10002774                __wrap_memset
 .text.memcpy   0x10002780        0xc CMakeFiles/sessionpad.dir/home/sean/applications/pico-sdk/src/rp2_common/pico_mem_ops/mem_ops_aeabi.S.o
                0x10002780                __wrap___aeabi_memcpy
                0x10002780                __wrap_memcpy
 .text._out_null
                0x1000278c        0x4 CMakeFiles/sessionpad.dir/home/sean/applications/pico-sdk/src/rp2_common/pico_printf/printf.c.o
 .text._out_rev
                0x10002790       0xa8 CMakeFiles/sessionpad.dir/home/sean/applications/pico-sdk/src/rp2_common/pico_printf/printf.c.o
 .text._ntoa_format
                0x10002838      0x1d8 CMakeFiles/sessionpad.dir/home/sean/applications/pico-sdk/src/rp2_common/pico_printf/printf.c.o
 .text._out_char
                0x10002a10       0x10 CMakeFiles/sessionpad.dir/home/sean/applications/pico-sdk/src/rp2_common/pico_printf/printf.c.o
 .text._out_fct
                0x10002a20       0x10 CMakeFiles/sessionpad.dir/home/sean/applications/pico-sdk/src/rp2_common/pico_printf/printf.c.o
 .text._ftoa    0x10002a30      0x474 CMakeFiles/sessionpad.dir/home/sean/applications/pico-sdk/src/rp2_common/pico_printf/printf.c.o
 .text._etoa    0x10002ea4      0x560 CMakeFiles/sessionpad.dir/home/sean/applications/pico-sdk/src/rp2_common/pico_printf/printf.c.o
 .text._vsnprintf
                0x10003404      0xab8 CMakeFiles/sessionpad.dir/home/sean/applications/pico-sdk/src/rp2_common/pico_printf/printf.c.o
 .text.vfctprintf
                0x10003ebc       0x20 CMakeFiles/sessionpad.dir/home/sean/applications/pico-sdk/src/rp2_common/pico_printf/printf.c.o
                0x10003ebc                vfctprintf
 .text.weak_raw_vprintf
                0x10003edc       0x30 CMakeFiles/sessionpad.dir/home/sean/applications/pico-sdk/src/rp2_common/pico_printf/printf.c.o
                0x10003edc                weak_raw_vprintf
 .text._exit    0x10003f0c        0x4 CMakeFiles/sessionpad.dir/home/sean/applications/pico-sdk/src/rp2_common/pico_clib_interface/newlib_interface.c.o
                0x10003f0c                _exit
 .text.exit     0x10003f10        0x8 CMakeFiles/sessionpad.dir/home/sean/applications/pico-sdk/src/rp2_common/pico_clib_interface/newlib_interface.c.o
                0x10003f10                exit
 .text.runtime_init
                0x10003f18       0x2c CMakeFiles/sessionpad.dir/home/sean/applications/pico-sdk/src/rp2_common/pico_clib_interface/newlib_interface.c.o
                0x10003f18                runtime_init
 .text.stdio_out_chars_no_crlf
                0x10003f44       0x10 CMakeFiles/sessionpad.dir/home/sean/applications/pico-sdk/src/rp2_common/pico_stdio/stdio.c.o
 .text.stdio_out_chars_crlf
                0x10003f54       0x90 CMakeFiles/sessionpad.dir/home/sean/applications/pico-sdk/src/rp2_common/pico_stdio/stdio.c.o
 .text.stdio_buffered_printer
                0x10003fe4       0x64 CMakeFiles/sessionpad.dir/home/sean/applications/pico-sdk/src/rp2_common/pico_stdio/stdio.c.o
 .text.stdio_put_string
                0x10004048       0xf4 CMakeFiles/sessionpad.dir/home/sean/applications/pico-sdk/src/rp2_common/pico_stdio/stdio.c.o
                0x10004048                stdio_put_string
 .text.stdio_set_driver_enabled
                0x1000413c       0x30 CMakeFiles/sessionpad.dir/home/sean/applications/pico-sdk/src/rp2_common/pico_stdio/stdio.c.o
                0x1000413c                stdio_set_driver_enabled
 .text.stdio_init_all
                0x1000416c        0x8 CMakeFiles/sessionpad.dir/home/sean/applications/pico-sdk/src/rp2_common/pico_stdio/stdio.c.o
                0x1000416c                stdio_init_all
 .text.stdio_getchar_timeout_us
                0x10004174       0x98 CMakeFiles/sessionpad.dir/home/sean/applications/pico-sdk/src/rp2_common/pico_stdio/stdio.c.o
                0x10004174                stdio_getchar_timeout_us
 .text.__wrap_putchar
                0x1000420c       0x94 CMakeFiles/sessionpad.dir/home/sean/applications/pico-sdk/src/rp2_common/pico_stdio/stdio.c.o
                0x1000420c                stdio_putchar
                0x1000420c                __wrap_putchar
 .text.__wrap_puts
                0x100042a0       0x3c CMakeFiles/sessionpad.dir/home/sean/applications/pico-sdk/src/rp2_common/pico_stdio/stdio.c.o
                0x100042a0                __wrap_puts
                0x100042a0                stdio_puts
 .text.__wrap_vprintf
                0x100042dc       0xc8 CMakeFiles/sessionpad.dir/home/sean/applications/pico-sdk/src/rp2_common/pico_stdio/stdio.c.o
                0x100042dc                __wrap_vprintf
                0x100042dc                stdio_vprintf
 .text.__wrap_printf
                0x100043a4       0x18 CMakeFiles/sessionpad.dir/home/sean/applications/pico-sdk/src/rp2_common/pico_stdio/stdio.c.o
                0x100043a4                stdio_printf
                0x100043a4                __wrap_printf
 .text.resetd_init
                0x100043bc        0x4 CMakeFiles/sessionpad.dir/home/sean/applications/pico-sdk/src/rp2_common/pico_stdio_usb/reset_interface.c.o
 .text.resetd_reset
                0x100043c0        0xc CMakeFiles/sessionpad.dir/home/sean/applications/pico-sdk/src/rp2_common/pico_stdio_usb/reset_interface.c.o
 .text.resetd_open
                0x100043cc       0x28 CMakeFiles/sessionpad.dir/home/sean/applications/pico-sdk/src/rp2_common/pico_stdio_usb/reset_interface.c.o
 .text.resetd_xfer_cb
                0x100043f4        0x4 CMakeFiles/sessionpad.dir/home/sean/applications/pico-sdk/src/rp2_common/pico_stdio_usb/reset_interface.c.o
 .text.resetd_control_xfer_cb
                0x100043f8       0x54 CMakeFiles/sessionpad.dir/home/sean/applications/pico-sdk/src/rp2_common/pico_stdio_usb/reset_interface.c.o
 .text.tud_descriptor_bos_cb
                0x1000444c        0x8 CMakeFiles/sessionpad.dir/home/sean/applications/pico-sdk/src/rp2_common/pico_stdio_usb/reset_interface.c.o
                0x1000444c                tud_descriptor_bos_cb
 .text.tud_vendor_control_xfer_cb
                0x10004454       0x38 CMakeFiles/sessionpad.dir/home/sean/applications/pico-sdk/src/rp2_common/pico_stdio_usb/reset_interface.c.o
                0x10004454                tud_vendor_control_xfer_cb
 .text.usbd_app_driver_get_cb
                0x1000448c        0xc CMakeFiles/sessionpad.dir/home/sean/applications/pico-sdk/src/rp2_common/pico_stdio_usb/reset_interface.c.o
                0x1000448c                usbd_app_driver_get_cb
 .text.tud_cdc_line_coding_cb
                0x10004498       0x2c CMakeFiles/sessionpad.dir/home/sean/applications/pico-sdk/src/rp2_common/pico_stdio_usb/reset_interface.c.o
                0x10004498                tud_cdc_line_coding_cb
 .text.stdio_usb_set_chars_available_callback
                0x100044c4       0x14 CMakeFiles/sessionpad.dir/home/sean/applications/pico-sdk/src/rp2_common/pico_stdio_usb/stdio_usb.c.o
                0x100044c4                stdio_usb_set_chars_available_callback
 .text.usb_irq  0x100044d8       0x10 CMakeFiles/sessionpad.dir/home/sean/applications/pico-sdk/src/rp2_common/pico_stdio_usb/stdio_usb.c.o
 .text.timer_task
                0x100044e8       0x64 CMakeFiles/sessionpad.dir/home/sean/applications/pico-sdk/src/rp2_common/pico_stdio_usb/stdio_usb.c.o
 .text.stdio_usb_in_chars
                0x1000454c       0x8c CMakeFiles/sessionpad.dir/home/sean/applications/pico-sdk/src/rp2_common/pico_stdio_usb/stdio_usb.c.o
                0x1000454c                stdio_usb_in_chars
 .text.stdio_usb_out_flush
                0x100045d8       0x4c CMakeFiles/sessionpad.dir/home/sean/applications/pico-sdk/src/rp2_common/pico_stdio_usb/stdio_usb.c.o
 .text.stdio_usb_out_chars
                0x10004624       0xf8 CMakeFiles/sessionpad.dir/home/sean/applications/pico-sdk/src/rp2_common/pico_stdio_usb/stdio_usb.c.o
 .text.low_priority_worker_irq
                0x1000471c       0xc4 CMakeFiles/sessionpad.dir/home/sean/applications/pico-sdk/src/rp2_common/pico_stdio_usb/stdio_usb.c.o
 .text.stdio_usb_init
                0x100047e0       0xe4 CMakeFiles/sessionpad.dir/home/sean/applications/pico-sdk/src/rp2_common/pico_stdio_usb/stdio_usb.c.o
                0x100047e0                stdio_usb_init
 .text.tud_descriptor_device_cb
                0x100048c4        0x8 CMakeFiles/sessionpad.dir/home/sean/applications/pico-sdk/src/rp2_common/pico_stdio_usb/stdio_usb_descriptors.c.o
                0x100048c4                tud_descriptor_device_cb
 .text.tud_descriptor_configuration_cb
                0x100048cc        0x8 CMakeFiles/sessionpad.dir/home/sean/applications/pico-sdk/src/rp2_common/pico_stdio_usb/stdio_usb_descriptors.c.o
                0x100048cc                tud_descriptor_configuration_cb
 .text.tud_descriptor_string_cb
                0x100048d4       0x70 CMakeFiles/sessionpad.dir/home/sean/applications/pico-sdk/src/rp2_common/pico_stdio_usb/stdio_usb_descriptors.c.o
                0x100048d4                tud_descriptor_string_cb
 .text.startup._retrieve_unique_id_on_boot
                0x10004944       0x10 CMakeFiles/sessionpad.dir/home/sean/applications/pico-sdk/src/rp2_common/pico_unique_id/unique_id.c.o
 .text.pico_get_unique_board_id_string
                0x10004954      0x1e0 CMakeFiles/sessionpad.dir/home/sean/applications/pico-sdk/src/rp2_common/pico_unique_id/unique_id.c.o
                0x10004954                pico_get_unique_board_id_string
 .text.flash_get_unique_id
                0x10004b34       0x3c CMakeFiles/sessionpad.dir/home/sean/applications/pico-sdk/src/rp2_common/hardware_flash/flash.c.o
                0x10004b34                flash_get_unique_id
 .text.dcd_init
                0x10004b70       0x90 CMakeFiles/sessionpad.dir/home/sean/applications/pico-sdk/lib/tinyusb/src/portable/raspberrypi/rp2040/dcd_rp2040.c.o
                0x10004b70                dcd_init
 .text.dcd_int_enable
                0x10004c00        0xc CMakeFiles/sessionpad.dir/home/sean/applications/pico-sdk/lib/tinyusb/src/portable/raspberrypi/rp2040/dcd_rp2040.c.o
                0x10004c00                dcd_int_enable
 .text.dcd_set_address
                0x10004c0c       0x14 CMakeFiles/sessionpad.dir/home/sean/applications/pico-sdk/lib/tinyusb/src/portable/raspberrypi/rp2040/dcd_rp2040.c.o
                0x10004c0c                dcd_set_address
 .text.dcd_sof_enable
                0x10004c20       0x1c CMakeFiles/sessionpad.dir/home/sean/applications/pico-sdk/lib/tinyusb/src/portable/raspberrypi/rp2040/dcd_rp2040.c.o
                0x10004c20                dcd_sof_enable
 .text.dcd_edpt0_status_complete
                0x10004c3c       0x1c CMakeFiles/sessionpad.dir/home/sean/applications/pico-sdk/lib/tinyusb/src/portable/raspberrypi/rp2040/dcd_rp2040.c.o
                0x10004c3c                dcd_edpt0_status_complete
 .text.dcd_edpt_open
                0x10004c58      0x114 CMakeFiles/sessionpad.dir/home/sean/applications/pico-sdk/lib/tinyusb/src/portable/raspberrypi/rp2040/dcd_rp2040.c.o
                0x10004c58                dcd_edpt_open
 .text.dcd_edpt_close_all
                0x10004d6c        0x8 CMakeFiles/sessionpad.dir/home/sean/applications/pico-sdk/lib/tinyusb/src/portable/raspberrypi/rp2040/dcd_rp2040.c.o
                0x10004d6c                dcd_edpt_close_all
 .text.dcd_edpt_xfer
                0x10004d74       0x24 CMakeFiles/sessionpad.dir/home/sean/applications/pico-sdk/lib/tinyusb/src/portable/raspberrypi/rp2040/dcd_rp2040.c.o
                0x10004d74                dcd_edpt_xfer
 .text.dcd_edpt_stall
                0x10004d98       0x3c CMakeFiles/sessionpad.dir/home/sean/applications/pico-sdk/lib/tinyusb/src/portable/raspberrypi/rp2040/dcd_rp2040.c.o
                0x10004d98                dcd_edpt_stall
 .text.dcd_edpt_clear_stall
                0x10004dd4       0x30 CMakeFiles/sessionpad.dir/home/sean/applications/pico-sdk/lib/tinyusb/src/portable/raspberrypi/rp2040/dcd_rp2040.c.o
                0x10004dd4                dcd_edpt_clear_stall
 .text.rp2040_usb_init
                0x10004e04       0x40 CMakeFiles/sessionpad.dir/home/sean/applications/pico-sdk/lib/tinyusb/src/portable/raspberrypi/rp2040/rp2040_usb.c.o
                0x10004e04                rp2040_usb_init
 .text.hw_endpoint_xfer_start
                0x10004e44       0x40 CMakeFiles/sessionpad.dir/home/sean/applications/pico-sdk/lib/tinyusb/src/portable/raspberrypi/rp2040/rp2040_usb.c.o
                0x10004e44                hw_endpoint_xfer_start
 .text.tud_event_hook_cb
                0x10004e84        0x4 CMakeFiles/sessionpad.dir/home/sean/applications/pico-sdk/lib/tinyusb/src/device/usbd.c.o
                0x10004e84                tud_event_hook_cb
 .text.tud_sof_cb
                0x10004e88        0x4 CMakeFiles/sessionpad.dir/home/sean/applications/pico-sdk/lib/tinyusb/src/device/usbd.c.o
                0x10004e88                tud_sof_cb
 .text.tud_descriptor_device_qualifier_cb
                0x10004e8c        0x4 CMakeFiles/sessionpad.dir/home/sean/applications/pico-sdk/lib/tinyusb/src/device/usbd.c.o
                0x10004e8c                tud_descriptor_device_qualifier_cb
 .text.tud_descriptor_other_speed_configuration_cb
                0x10004e90        0x4 CMakeFiles/sessionpad.dir/home/sean/applications/pico-sdk/lib/tinyusb/src/device/usbd.c.o
                0x10004e90                tud_descriptor_other_speed_configuration_cb
 .text.tud_mount_cb
                0x10004e94        0x4 CMakeFiles/sessionpad.dir/home/sean/applications/pico-sdk/lib/tinyusb/src/device/usbd.c.o
                0x10004e94                tud_mount_cb
 .text.tud_umount_cb
                0x10004e98        0x4 CMakeFiles/sessionpad.dir/home/sean/applications/pico-sdk/lib/tinyusb/src/device/usbd.c.o
                0x10004e98                tud_umount_cb
 .text.tud_suspend_cb
                0x10004e9c        0x4 CMakeFiles/sessionpad.dir/home/sean/applications/pico-sdk/lib/tinyusb/src/device/usbd.c.o
                0x10004e9c                tud_suspend_cb
 .text.tud_resume_cb
                0x10004ea0        0x4 CMakeFiles/sessionpad.dir/home/sean/applications/pico-sdk/lib/tinyusb/src/device/usbd.c.o
                0x10004ea0                tud_resume_cb
 .text.tud_mounted
                0x10004ea4       0x10 CMakeFiles/sessionpad.dir/home/sean/applications/pico-sdk/lib/tinyusb/src/device/usbd.c.o
                0x10004ea4                tud_mounted
 .text.tud_suspended
                0x10004eb4       0x10 CMakeFiles/sessionpad.dir/home/sean/applications/pico-sdk/lib/tinyusb/src/device/usbd.c.o
                0x10004eb4                tud_suspended
 .text.tud_rhport_init
                0x10004ec4       0xf0 CMakeFiles/sessionpad.dir/home/sean/applications/pico-sdk/lib/tinyusb/src/device/usbd.c.o
                0x10004ec4                tud_rhport_init
 .text.tud_task_ext
                0x10004fb4      0x7fc CMakeFiles/sessionpad.dir/home/sean/applications/pico-sdk/lib/tinyusb/src/device/usbd.c.o
                0x10004fb4                tud_task_ext
 .text.usbd_open_edpt_pair
                0x100057b0       0x98 CMakeFiles/sessionpad.dir/home/sean/applications/pico-sdk/lib/tinyusb/src/device/usbd.c.o
                0x100057b0                usbd_open_edpt_pair
 .text.usbd_edpt_open
                0x10005848       0x34 CMakeFiles/sessionpad.dir/home/sean/applications/pico-sdk/lib/tinyusb/src/device/usbd.c.o
                0x10005848                usbd_edpt_open
 .text.usbd_edpt_claim
                0x1000587c       0x28 CMakeFiles/sessionpad.dir/home/sean/applications/pico-sdk/lib/tinyusb/src/device/usbd.c.o
                0x1000587c                usbd_edpt_claim
 .text.usbd_edpt_release
                0x100058a4       0x28 CMakeFiles/sessionpad.dir/home/sean/applications/pico-sdk/lib/tinyusb/src/device/usbd.c.o
                0x100058a4                usbd_edpt_release
 .text.usbd_edpt_xfer
                0x100058cc       0x50 CMakeFiles/sessionpad.dir/home/sean/applications/pico-sdk/lib/tinyusb/src/device/usbd.c.o
                0x100058cc                usbd_edpt_xfer
 .text.tud_control_status
                0x1000591c       0x2c CMakeFiles/sessionpad.dir/home/sean/applications/pico-sdk/lib/tinyusb/src/device/usbd_control.c.o
                0x1000591c                tud_control_status
 .text.tud_control_xfer
                0x10005948       0xa0 CMakeFiles/sessionpad.dir/home/sean/applications/pico-sdk/lib/tinyusb/src/device/usbd_control.c.o
                0x10005948                tud_control_xfer
 .text.usbd_control_reset
                0x100059e8       0x14 CMakeFiles/sessionpad.dir/home/sean/applications/pico-sdk/lib/tinyusb/src/device/usbd_control.c.o
                0x100059e8                usbd_control_reset
 .text.usbd_control_set_complete_callback
                0x100059fc        0xc CMakeFiles/sessionpad.dir/home/sean/applications/pico-sdk/lib/tinyusb/src/device/usbd_control.c.o
                0x100059fc                usbd_control_set_complete_callback
 .text.usbd_control_set_request
                0x10005a08       0x1c CMakeFiles/sessionpad.dir/home/sean/applications/pico-sdk/lib/tinyusb/src/device/usbd_control.c.o
                0x10005a08                usbd_control_set_request
 .text.usbd_control_xfer_cb
                0x10005a24       0xe8 CMakeFiles/sessionpad.dir/home/sean/applications/pico-sdk/lib/tinyusb/src/device/usbd_control.c.o
                0x10005a24                usbd_control_xfer_cb
 .text._prep_out_transaction.isra.0
                0x10005b0c       0x6c CMakeFiles/sessionpad.dir/home/sean/applications/pico-sdk/lib/tinyusb/src/class/cdc/cdc_device.c.o
 .text.tud_cdc_n_connected
                0x10005b78       0x2c CMakeFiles/sessionpad.dir/home/sean/applications/pico-sdk/lib/tinyusb/src/class/cdc/cdc_device.c.o
                0x10005b78                tud_cdc_n_connected
 .text.tud_cdc_n_available
                0x10005ba4       0x14 CMakeFiles/sessionpad.dir/home/sean/applications/pico-sdk/lib/tinyusb/src/class/cdc/cdc_device.c.o
                0x10005ba4                tud_cdc_n_available
 .text.tud_cdc_n_read
                0x10005bb8       0x88 CMakeFiles/sessionpad.dir/home/sean/applications/pico-sdk/lib/tinyusb/src/class/cdc/cdc_device.c.o
                0x10005bb8                tud_cdc_n_read
 .text.tud_cdc_n_write_flush
                0x10005c40       0x78 CMakeFiles/sessionpad.dir/home/sean/applications/pico-sdk/lib/tinyusb/src/class/cdc/cdc_device.c.o
                0x10005c40                tud_cdc_n_write_flush
 .text.tud_cdc_n_write
                0x10005cb8       0x40 CMakeFiles/sessionpad.dir/home/sean/applications/pico-sdk/lib/tinyusb/src/class/cdc/cdc_device.c.o
                0x10005cb8                tud_cdc_n_write
 .text.tud_cdc_n_write_available
                0x10005cf8       0x14 CMakeFiles/sessionpad.dir/home/sean/applications/pico-sdk/lib/tinyusb/src/class/cdc/cdc_device.c.o
                0x10005cf8                tud_cdc_n_write_available
 .text.cdcd_init
                0x10005d0c       0x70 CMakeFiles/sessionpad.dir/home/sean/applications/pico-sdk/lib/tinyusb/src/class/cdc/cdc_device.c.o
                0x10005d0c                cdcd_init
 .text.cdcd_deinit
                0x10005d7c       0x30 CMakeFiles/sessionpad.dir/home/sean/applications/pico-sdk/lib/tinyusb/src/class/cdc/cdc_device.c.o
                0x10005d7c                cdcd_deinit
 .text.cdcd_reset
                0x10005dac       0x48 CMakeFiles/sessionpad.dir/home/sean/applications/pico-sdk/lib/tinyusb/src/class/cdc/cdc_device.c.o
                0x10005dac                cdcd_reset
 .text.cdcd_open
                0x10005df4       0xa8 CMakeFiles/sessionpad.dir/home/sean/applications/pico-sdk/lib/tinyusb/src/class/cdc/cdc_device.c.o
                0x10005df4                cdcd_open
 .text.cdcd_control_xfer_cb
                0x10005e9c       0xf0 CMakeFiles/sessionpad.dir/home/sean/applications/pico-sdk/lib/tinyusb/src/class/cdc/cdc_device.c.o
                0x10005e9c                cdcd_control_xfer_cb
 .text.cdcd_xfer_cb
                0x10005f8c       0xf8 CMakeFiles/sessionpad.dir/home/sean/applications/pico-sdk/lib/tinyusb/src/class/cdc/cdc_device.c.o
                0x10005f8c                cdcd_xfer_cb
 .text.vendord_init
                0x10006084       0x5c CMakeFiles/sessionpad.dir/home/sean/applications/pico-sdk/lib/tinyusb/src/class/vendor/vendor_device.c.o
                0x10006084                vendord_init
 .text.vendord_deinit
                0x100060e0       0x1c CMakeFiles/sessionpad.dir/home/sean/applications/pico-sdk/lib/tinyusb/src/class/vendor/vendor_device.c.o
                0x100060e0                vendord_deinit
 .text.vendord_reset
                0x100060fc       0x28 CMakeFiles/sessionpad.dir/home/sean/applications/pico-sdk/lib/tinyusb/src/class/vendor/vendor_device.c.o
                0x100060fc                vendord_reset
 .text.vendord_open
                0x10006124      0x104 CMakeFiles/sessionpad.dir/home/sean/applications/pico-sdk/lib/tinyusb/src/class/vendor/vendor_device.c.o
                0x10006124                vendord_open
 .text.vendord_xfer_cb
                0x10006228       0xa0 CMakeFiles/sessionpad.dir/home/sean/applications/pico-sdk/lib/tinyusb/src/class/vendor/vendor_device.c.o
                0x10006228                vendord_xfer_cb
 .text.tusb_rhport_init
                0x100062c8       0x4c CMakeFiles/sessionpad.dir/home/sean/applications/pico-sdk/lib/tinyusb/src/tusb.c.o
                0x100062c8                tusb_rhport_init
 .text.tu_edpt_claim
                0x10006314       0x50 CMakeFiles/sessionpad.dir/home/sean/applications/pico-sdk/lib/tinyusb/src/tusb.c.o
                0x10006314                tu_edpt_claim
 .text.tu_edpt_release
                0x10006364       0x38 CMakeFiles/sessionpad.dir/home/sean/applications/pico-sdk/lib/tinyusb/src/tusb.c.o
                0x10006364                tu_edpt_release
 .text.tu_edpt_validate
                0x1000639c       0x74 CMakeFiles/sessionpad.dir/home/sean/applications/pico-sdk/lib/tinyusb/src/tusb.c.o
                0x1000639c                tu_edpt_validate
 .text.tu_edpt_bind_driver
                0x10006410       0x34 CMakeFiles/sessionpad.dir/home/sean/applications/pico-sdk/lib/tinyusb/src/tusb.c.o
                0x10006410                tu_edpt_bind_driver
 .text.tu_edpt_stream_init
                0x10006444       0x68 CMakeFiles/sessionpad.dir/home/sean/applications/pico-sdk/lib/tinyusb/src/tusb.c.o
                0x10006444                tu_edpt_stream_init
 .text.tu_edpt_stream_deinit
                0x100064ac        0x4 CMakeFiles/sessionpad.dir/home/sean/applications/pico-sdk/lib/tinyusb/src/tusb.c.o
                0x100064ac                tu_edpt_stream_deinit
 .text.tu_edpt_stream_write_zlp_if_needed
                0x100064b0       0x64 CMakeFiles/sessionpad.dir/home/sean/applications/pico-sdk/lib/tinyusb/src/tusb.c.o
                0x100064b0                tu_edpt_stream_write_zlp_if_needed
 .text.tu_edpt_stream_write_xfer
                0x10006514       0x6c CMakeFiles/sessionpad.dir/home/sean/applications/pico-sdk/lib/tinyusb/src/tusb.c.o
                0x10006514                tu_edpt_stream_write_xfer
 .text.tu_edpt_stream_read_xfer
                0x10006580       0xd8 CMakeFiles/sessionpad.dir/home/sean/applications/pico-sdk/lib/tinyusb/src/tusb.c.o
                0x10006580                tu_edpt_stream_read_xfer
 .text.tu_fifo_config
                0x10006658       0x6c CMakeFiles/sessionpad.dir/home/sean/applications/pico-sdk/lib/tinyusb/src/common/tusb_fifo.c.o
                0x10006658                tu_fifo_config
 .text.tu_fifo_count
                0x100066c4       0x2c CMakeFiles/sessionpad.dir/home/sean/applications/pico-sdk/lib/tinyusb/src/common/tusb_fifo.c.o
                0x100066c4                tu_fifo_count
 .text.tu_fifo_empty
                0x100066f0       0x10 CMakeFiles/sessionpad.dir/home/sean/applications/pico-sdk/lib/tinyusb/src/common/tusb_fifo.c.o
                0x100066f0                tu_fifo_empty
 .text.tu_fifo_remaining
                0x10006700       0x2c CMakeFiles/sessionpad.dir/home/sean/applications/pico-sdk/lib/tinyusb/src/common/tusb_fifo.c.o
                0x10006700                tu_fifo_remaining
 .text.tu_fifo_read
                0x1000672c       0x9c CMakeFiles/sessionpad.dir/home/sean/applications/pico-sdk/lib/tinyusb/src/common/tusb_fifo.c.o
                0x1000672c                tu_fifo_read
 .text.tu_fifo_read_n
                0x100067c8       0xec CMakeFiles/sessionpad.dir/home/sean/applications/pico-sdk/lib/tinyusb/src/common/tusb_fifo.c.o
                0x100067c8                tu_fifo_read_n
 .text.tu_fifo_write
                0x100068b4       0xa4 CMakeFiles/sessionpad.dir/home/sean/applications/pico-sdk/lib/tinyusb/src/common/tusb_fifo.c.o
                0x100068b4                tu_fifo_write
 .text.tu_fifo_write_n
                0x10006958      0x168 CMakeFiles/sessionpad.dir/home/sean/applications/pico-sdk/lib/tinyusb/src/common/tusb_fifo.c.o
                0x10006958                tu_fifo_write_n
 .text.tu_fifo_clear
                0x10006ac0       0x40 CMakeFiles/sessionpad.dir/home/sean/applications/pico-sdk/lib/tinyusb/src/common/tusb_fifo.c.o
                0x10006ac0                tu_fifo_clear
 .text.tu_fifo_set_overwritable
                0x10006b00       0x48 CMakeFiles/sessionpad.dir/home/sean/applications/pico-sdk/lib/tinyusb/src/common/tusb_fifo.c.o
                0x10006b00                tu_fifo_set_overwritable
 .text.atexit   0x10006b48       0x10 /usr/lib/gcc/arm-none-eabi/15.2.0/../../../../arm-none-eabi/lib/thumb/v6-m/nofp/libg.a(libc_a-atexit.o)
                0x10006b48                atexit
 .text.__libc_fini_array
                0x10006b58       0x28 /usr/lib/gcc/arm-none-eabi/15.2.0/../../../../arm-none-eabi/lib/thumb/v6-m/nofp/libg.a(libc_a-fini.o)
                0x10006b58                __libc_fini_array
 .text.__retarget_lock_acquire_recursive
                0x10006b80        0x4 /usr/lib/gcc/arm-none-eabi/15.2.0/../../../../arm-none-eabi/lib/thumb/v6-m/nofp/libg.a(libc_a-lock.o)
                0x10006b80                __retarget_lock_acquire_recursive
 .text.__retarget_lock_release_recursive
                0x10006b84        0x4 /usr/lib/gcc/arm-none-eabi/15.2.0/../../../../arm-none-eabi/lib/thumb/v6-m/nofp/libg.a(libc_a-lock.o)
                0x10006b84                __retarget_lock_release_recursive
 .text.strlen   0x10006b88       0x60 /usr/lib/gcc/arm-none-eabi/15.2.0/../../../../arm-none-eabi/lib/thumb/v6-m/nofp/libg.a(libc_a-strlen-stub.o)
                0x10006b88                strlen
 .text.__register_exitproc
                0x10006be8       0x94 /usr/lib/gcc/arm-none-eabi/15.2.0/../../../../arm-none-eabi/lib/thumb/v6-m/nofp/libg.a(libc_a-__atexit.o)
                0x10006be8                __register_exitproc
 .text.startup.register_fini
                0x10006c7c       0x18 /usr/lib/gcc/arm-none-eabi/15.2.0/../../../../arm-none-eabi/lib/thumb/v6-m/nofp/libg.a(libc_a-__call_atexit.o)
 *(.fini)
 .fini          0x10006c94        0x4 /usr/lib/gcc/arm-none-eabi/15.2.0/thumb/v6-m/nofp/crti.o
                0x10006c94                _fini
 .fini.__stub   0x10006c98       0xc0 linker stubs
 *crtbegin.o(.ctors)
 *crtbegin?.o(.ctors)
 *(EXCLUDE_FILE(*crtend.o *crtend?.o) .ctors)
 *(SORT_BY_NAME(.ctors.*))
 *(.ctors)
 *crtbegin.o(.dtors)
 *crtbegin?.o(.dtors)
 *(EXCLUDE_FILE(*crtend.o *crtend?.o) .dtors)
 *(SORT_BY_NAME(.dtors.*))
 *(.dtors)
                0x10006d58                        . = ALIGN (0x4)
                0x10006d58                        PROVIDE (__preinit_array_start = .)
 *(SORT_BY_NAME(.preinit_array.*))
 .preinit_array.00100
                0x10006d58        0x4 CMakeFiles/sessionpad.dir/home/sean/applications/pico-sdk/src/rp2_common/pico_runtime_init/runtime_init.c.o
                0x10006d58                __pre_init_runtime_init_early_resets
 .preinit_array.00101
                0x10006d5c        0x4 CMakeFiles/sessionpad.dir/home/sean/applications/pico-sdk/src/rp2_common/pico_runtime_init/runtime_init.c.o
                0x10006d5c                __pre_init_runtime_init_usb_power_down
 .preinit_array.00275
                0x10006d60        0x4 CMakeFiles/sessionpad.dir/home/sean/applications/pico-sdk/src/rp2_common/pico_bit_ops/bit_ops_aeabi.S.o
 .preinit_array.00300
                0x10006d64        0x4 CMakeFiles/sessionpad.dir/home/sean/applications/pico-sdk/src/rp2_common/pico_mem_ops/mem_ops_aeabi.S.o
 .preinit_array.00350
                0x10006d68        0x4 CMakeFiles/sessionpad.dir/home/sean/applications/pico-sdk/src/rp2_common/pico_double/double_aeabi_rp2040.S.o
 .preinit_array.00350
                0x10006d6c        0x4 CMakeFiles/sessionpad.dir/home/sean/applications/pico-sdk/src/rp2_common/pico_float/float_aeabi_rp2040.S.o
 .preinit_array.00500
                0x10006d70        0x4 CMakeFiles/sessionpad.dir/home/sean/applications/pico-sdk/src/rp2_common/pico_runtime_init/runtime_init.c.o
                0x10006d70                __pre_init_runtime_init_clocks
 .preinit_array.00600
                0x10006d74        0x4 CMakeFiles/sessionpad.dir/home/sean/applications/pico-sdk/src/rp2_common/pico_runtime_init/runtime_init.c.o
                0x10006d74                __pre_init_runtime_init_post_clock_resets
 .preinit_array.00700
                0x10006d78        0x4 CMakeFiles/sessionpad.dir/home/sean/applications/pico-sdk/src/rp2_common/pico_runtime_init/runtime_init.c.o
                0x10006d78                __pre_init_runtime_init_rp2040_gpio_ie_disable
 .preinit_array.01000
                0x10006d7c        0x4 CMakeFiles/sessionpad.dir/home/sean/applications/pico-sdk/src/rp2_common/pico_runtime_init/runtime_init.c.o
                0x10006d7c                __pre_init_runtime_init_spin_locks_reset
 .preinit_array.01100
                0x10006d80        0x4 CMakeFiles/sessionpad.dir/home/sean/applications/pico-sdk/src/common/pico_sync/mutex.c.o
                0x10006d80                __pre_init_runtime_init_mutex
 .preinit_array.10080
                0x10006d84        0x4 CMakeFiles/sessionpad.dir/home/sean/applications/pico-sdk/src/rp2_common/pico_runtime_init/runtime_init.c.o
                0x10006d84                __pre_init_runtime_init_install_ram_vector_table
 .preinit_array.11000
                0x10006d88        0x4 CMakeFiles/sessionpad.dir/home/sean/applications/pico-sdk/src/common/pico_time/time.c.o
                0x10006d88                __pre_init_runtime_init_default_alarm_pool
 .preinit_array.YYYYY
                0x10006d8c        0x4 CMakeFiles/sessionpad.dir/home/sean/applications/pico-sdk/src/rp2_common/pico_runtime/runtime.c.o
                0x10006d8c                __pre_init_first_per_core_initializer
 .preinit_array.ZZZZZ.01200
                0x10006d90        0x4 CMakeFiles/sessionpad.dir/home/sean/applications/pico-sdk/src/rp2_common/hardware_irq/irq.c.o
                0x10006d90                __pre_init_runtime_init_per_core_irq_priorities
 *(.preinit_array)
                0x10006d94                        PROVIDE (__preinit_array_end = .)
                0x10006d94                        . = ALIGN (0x4)
                0x10006d94                        PROVIDE (__init_array_start = .)
 *(SORT_BY_NAME(.init_array.*))
 .init_array.00000
                0x10006d94        0x4 /usr/lib/gcc/arm-none-eabi/15.2.0/../../../../arm-none-eabi/lib/thumb/v6-m/nofp/libg.a(libc_a-__call_atexit.o)
 .init_array.01000
                0x10006d98        0x4 CMakeFiles/sessionpad.dir/home/sean/applications/pico-sdk/src/rp2_common/pico_unique_id/unique_id.c.o
 *(.init_array)
 .init_array    0x10006d9c        0x4 /usr/lib/gcc/arm-none-eabi/15.2.0/thumb/v6-m/nofp/crtbegin.o
                0x10006da0                        PROVIDE (__init_array_end = .)
                0x10006da0                        . = ALIGN (0x4)
                0x10006da0                        PROVIDE (__fini_array_start = .)
 *(SORT_BY_NAME(.fini_array.*))
 *(.fini_array)
                0x10006da0                        PROVIDE (__fini_array_end = .)
 *(.eh_frame*)
 .eh_frame      0x10006da0        0x0 /usr/lib/gcc/arm-none-eabi/15.2.0/thumb/v6-m/nofp/crtbegin.o
                0x10006da0                        . = ALIGN (0x4)

.glue_7         0x10006da0        0x0
 .glue_7        0x10006da0        0x0 linker stubs

.glue_7t        0x10006da0        0x0
 .glue_7t       0x10006da0        0x0 linker stubs

.vfp11_veneer   0x10006da0        0x0
 .vfp11_veneer  0x10006da0        0x0 linker stubs

.v4_bx          0x10006da0        0x0
 .v4_bx         0x10006da0        0x0 linker stubs

.iplt           0x10006da0        0x0
 .iplt          0x10006da0        0x0 /usr/lib/gcc/arm-none-eabi/15.2.0/thumb/v6-m/nofp/crtbegin.o

.rodata         0x10006da0      0x72c
 *(EXCLUDE_FILE(*libm.a: *libc.a:*lib_a-mem*.o *libgcc.a:) .rodata*)
 .rodata.main.str1.4
                0x10006da0      0x21c CMakeFiles/sessionpad.dir/main.c.o
                                 0x43 (size before relaxing)
 .rodata.str1.4
                0x10006fbc        0x0 CMakeFiles/sessionpad.dir/main.c.o
                                 0x66 (size before relaxing)
 .rodata.BUTTON_DEFS
                0x10006fbc       0x68 CMakeFiles/sessionpad.dir/main.c.o
 .rodata.panic.str1.4
                0x10007024        0x0 CMakeFiles/sessionpad.dir/home/sean/applications/pico-sdk/src/rp2_common/pico_platform_panic/panic.c.o
                                 0x12 (size before relaxing)
 .rodata.spin_lock_claim_unused.str1.4
                0x10007024        0x0 CMakeFiles/sessionpad.dir/home/sean/applications/pico-sdk/src/rp2_common/hardware_sync/sync.c.o
                                 0x1b (size before relaxing)
 .rodata.user_irq_claim_unused.str1.4
                0x10007024        0x0 CMakeFiles/sessionpad.dir/home/sean/applications/pico-sdk/src/rp2_common/hardware_irq/irq.c.o
                                 0x1b (size before relaxing)
 .rodata.timer_hardware_alarm_claim.str1.4
                0x10007024        0x0 CMakeFiles/sessionpad.dir/home/sean/applications/pico-sdk/src/rp2_common/hardware_timer/timer.c.o
                                 0x22 (size before relaxing)
 .rodata.hard_assertion_failure.str1.4
                0x10007024        0x0 CMakeFiles/sessionpad.dir/home/sean/applications/pico-sdk/src/rp2_common/pico_runtime/runtime.c.o
                                  0xc (size before relaxing)
 .rodata.str1.4
                0x10007024        0x0 CMakeFiles/sessionpad.dir/home/sean/applications/pico-sdk/src/rp2_common/pico_standard_binary_info/standard_binary_info.c.o
                                 0x40 (size before relaxing)
 .rodata.__bi_84
                0x10007024        0xc CMakeFiles/sessionpad.dir/home/sean/applications/pico-sdk/src/rp2_common/pico_standard_binary_info/standard_binary_info.c.o
 .rodata.__bi_78
                0x10007030        0xc CMakeFiles/sessionpad.dir/home/sean/applications/pico-sdk/src/rp2_common/pico_standard_binary_info/standard_binary_info.c.o
 .rodata.__bi_54
                0x1000703c        0xc CMakeFiles/sessionpad.dir/home/sean/applications/pico-sdk/src/rp2_common/pico_standard_binary_info/standard_binary_info.c.o
 .rodata.__bi_48
                0x10007048        0xc CMakeFiles/sessionpad.dir/home/sean/applications/pico-sdk/src/rp2_common/pico_standard_binary_info/standard_binary_info.c.o
 .rodata.__bi_42
                0x10007054        0xc CMakeFiles/sessionpad.dir/home/sean/applications/pico-sdk/src/rp2_common/pico_standard_binary_info/standard_binary_info.c.o
 .rodata.__bi_34
                0x10007060        0xc CMakeFiles/sessionpad.dir/home/sean/applications/pico-sdk/src/rp2_common/pico_standard_binary_info/standard_binary_info.c.o
 .rodata.__bi_26
                0x1000706c        0xc CMakeFiles/sessionpad.dir/home/sean/applications/pico-sdk/src/rp2_common/pico_standard_binary_info/standard_binary_info.c.o
 .rodata._ftoa.str1.4
                0x10007078        0x0 CMakeFiles/sessionpad.dir/home/sean/applications/pico-sdk/src/rp2_common/pico_printf/printf.c.o
                                 0x15 (size before relaxing)
 .rodata._vsnprintf
                0x10007078      0x19c CMakeFiles/sessionpad.dir/home/sean/applications/pico-sdk/src/rp2_common/pico_printf/printf.c.o
 *fill*         0x10007214        0x4 
 .rodata.pow10.0
                0x10007218       0x50 CMakeFiles/sessionpad.dir/home/sean/applications/pico-sdk/src/rp2_common/pico_printf/printf.c.o
 .rodata.crlf_str.0
                0x10007268        0x2 CMakeFiles/sessionpad.dir/home/sean/applications/pico-sdk/src/rp2_common/pico_stdio/stdio.c.o
 *fill*         0x1000726a        0x2 
 .rodata._resetd_driver
                0x1000726c       0x20 CMakeFiles/sessionpad.dir/home/sean/applications/pico-sdk/src/rp2_common/pico_stdio_usb/reset_interface.c.o
 .rodata.desc_ms_os_20
                0x1000728c       0xa6 CMakeFiles/sessionpad.dir/home/sean/applications/pico-sdk/src/rp2_common/pico_stdio_usb/reset_interface.c.o
 *fill*         0x10007332        0x2 
 .rodata.desc_bos
                0x10007334       0x21 CMakeFiles/sessionpad.dir/home/sean/applications/pico-sdk/src/rp2_common/pico_stdio_usb/reset_interface.c.o
                0x10007334                desc_bos
 .rodata.str1.4
                0x10007355        0x0 CMakeFiles/sessionpad.dir/home/sean/applications/pico-sdk/src/rp2_common/pico_stdio_usb/stdio_usb.c.o
                                 0x13 (size before relaxing)
 *fill*         0x10007355        0x3 
 .rodata.__bi_202.0
                0x10007358        0xc CMakeFiles/sessionpad.dir/home/sean/applications/pico-sdk/src/rp2_common/pico_stdio_usb/stdio_usb.c.o
 .rodata.str1.4
                0x10007364        0x0 CMakeFiles/sessionpad.dir/home/sean/applications/pico-sdk/src/rp2_common/pico_stdio_usb/stdio_usb_descriptors.c.o
                                 0x2a (size before relaxing)
 .rodata.usbd_desc_str
                0x10007364       0x18 CMakeFiles/sessionpad.dir/home/sean/applications/pico-sdk/src/rp2_common/pico_stdio_usb/stdio_usb_descriptors.c.o
 .rodata.usbd_desc_cfg
                0x1000737c       0x54 CMakeFiles/sessionpad.dir/home/sean/applications/pico-sdk/src/rp2_common/pico_stdio_usb/stdio_usb_descriptors.c.o
 .rodata.usbd_desc_device
                0x100073d0       0x12 CMakeFiles/sessionpad.dir/home/sean/applications/pico-sdk/src/rp2_common/pico_stdio_usb/stdio_usb_descriptors.c.o
 .rodata.str1.4
                0x100073e2        0x0 CMakeFiles/sessionpad.dir/home/sean/applications/pico-sdk/lib/tinyusb/src/portable/raspberrypi/rp2040/dcd_rp2040.c.o
                                 0x14 (size before relaxing)
 .rodata.str1.4
                0x100073e2        0x0 CMakeFiles/sessionpad.dir/home/sean/applications/pico-sdk/lib/tinyusb/src/portable/raspberrypi/rp2040/rp2040_usb.c.o
                                 0x48 (size before relaxing)
 *fill*         0x100073e2        0x2 
 .rodata.tud_task_ext
                0x100073e4       0x8c CMakeFiles/sessionpad.dir/home/sean/applications/pico-sdk/lib/tinyusb/src/device/usbd.c.o
 .rodata        0x10007470       0x1c CMakeFiles/sessionpad.dir/home/sean/applications/pico-sdk/lib/tinyusb/src/device/usbd.c.o
 .rodata._usbd_driver
                0x1000748c       0x40 CMakeFiles/sessionpad.dir/home/sean/applications/pico-sdk/lib/tinyusb/src/device/usbd.c.o
                0x100074cc                        . = ALIGN (0x4)
 *(SORT_BY_ALIGNMENT(SORT_BY_NAME(.flashdata*)))
                0x100074cc                        . = ALIGN (0x4)

.ARM.extab
 *(.ARM.extab* .gnu.linkonce.armextab.*)
                0x100074cc                        __exidx_start = .

.ARM.exidx
 *(.ARM.exidx* .gnu.linkonce.armexidx.*)
                0x100074cc                        __exidx_end = .
                0x100074cc                        . = ALIGN (0x4)
                0x100074cc                        __binary_info_start = .

.binary_info    0x100074cc       0x20
 *(.binary_info.keep.*)
 .binary_info.keep.__bi_ptr84
                0x100074cc        0x4 CMakeFiles/sessionpad.dir/home/sean/applications/pico-sdk/src/rp2_common/pico_standard_binary_info/standard_binary_info.c.o
 .binary_info.keep.__bi_ptr78
                0x100074d0        0x4 CMakeFiles/sessionpad.dir/home/sean/applications/pico-sdk/src/rp2_common/pico_standard_binary_info/standard_binary_info.c.o
 .binary_info.keep.__bi_ptr54
                0x100074d4        0x4 CMakeFiles/sessionpad.dir/home/sean/applications/pico-sdk/src/rp2_common/pico_standard_binary_info/standard_binary_info.c.o
 .binary_info.keep.__bi_ptr48
                0x100074d8        0x4 CMakeFiles/sessionpad.dir/home/sean/applications/pico-sdk/src/rp2_common/pico_standard_binary_info/standard_binary_info.c.o
 .binary_info.keep.__bi_ptr42
                0x100074dc        0x4 CMakeFiles/sessionpad.dir/home/sean/applications/pico-sdk/src/rp2_common/pico_standard_binary_info/standard_binary_info.c.o
 .binary_info.keep.__bi_ptr34
                0x100074e0        0x4 CMakeFiles/sessionpad.dir/home/sean/applications/pico-sdk/src/rp2_common/pico_standard_binary_info/standard_binary_info.c.o
 .binary_info.keep.__bi_ptr26
                0x100074e4        0x4 CMakeFiles/sessionpad.dir/home/sean/applications/pico-sdk/src/rp2_common/pico_standard_binary_info/standard_binary_info.c.o
 *(.binary_info.*)
 .binary_info.__bi_ptr202
                0x100074e8        0x4 CMakeFiles/sessionpad.dir/home/sean/applications/pico-sdk/src/rp2_common/pico_stdio_usb/stdio_usb.c.o
                0x100074ec                        __binary_info_end = .
                0x100074ec                        . = ALIGN (0x4)

.ram_vector_table
                0x20000000       0xc0
 *(.ram_vector_table)
 .ram_vector_table
                0x20000000       0xc0 CMakeFiles/sessionpad.dir/home/sean/applications/pico-sdk/src/rp2_common/pico_runtime_init/runtime_init.c.o
                0x20000000                ram_vector_table

.uninitialized_data
                0x200000c0        0x0
                0x200000c0                        . = ALIGN (0x4)
 *(.uninitialized_data*)

.data           0x200000c0      0xfa4 load address 0x100074ec
                0x200000c0                        __data_start__ = .
 *(vtable)
 *(.time_critical*)
 .time_critical.mutex_try_enter
                0x200000c0       0x40 CMakeFiles/sessionpad.dir/home/sean/applications/pico-sdk/src/common/pico_sync/mutex.c.o
                0x200000c0                mutex_try_enter
 .time_critical.mutex_try_enter_block_until
                0x20000100       0x98 CMakeFiles/sessionpad.dir/home/sean/applications/pico-sdk/src/common/pico_sync/mutex.c.o
                0x20000100                mutex_try_enter_block_until
 .time_critical.mutex_enter_timeout_ms
                0x20000198       0x8c CMakeFiles/sessionpad.dir/home/sean/applications/pico-sdk/src/common/pico_sync/mutex.c.o
                0x20000198                mutex_enter_timeout_ms
 .time_critical.mutex_exit
                0x20000224       0x28 CMakeFiles/sessionpad.dir/home/sean/applications/pico-sdk/src/common/pico_sync/mutex.c.o
                0x20000224                mutex_exit
 .time_critical.flash_init_boot2_copyout
                0x2000024c       0x30 CMakeFiles/sessionpad.dir/home/sean/applications/pico-sdk/src/rp2_common/hardware_flash/flash.c.o
 .time_critical.flash_enable_xip_via_boot2
                0x2000027c        0xc CMakeFiles/sessionpad.dir/home/sean/applications/pico-sdk/src/rp2_common/hardware_flash/flash.c.o
 .time_critical.flash_save_hardware_state
                0x20000288       0x20 CMakeFiles/sessionpad.dir/home/sean/applications/pico-sdk/src/rp2_common/hardware_flash/flash.c.o
 .time_critical.flash_restore_hardware_state
                0x200002a8       0x20 CMakeFiles/sessionpad.dir/home/sean/applications/pico-sdk/src/rp2_common/hardware_flash/flash.c.o
 .time_critical.flash_cs_force
                0x200002c8       0x38 CMakeFiles/sessionpad.dir/home/sean/applications/pico-sdk/src/rp2_common/hardware_flash/flash.c.o
 .time_critical.flash_do_cmd
                0x20000300      0x124 CMakeFiles/sessionpad.dir/home/sean/applications/pico-sdk/src/rp2_common/hardware_flash/flash.c.o
                0x20000300                flash_do_cmd
 .time_critical.reset_non_control_endpoints
                0x20000424       0x68 CMakeFiles/sessionpad.dir/home/sean/applications/pico-sdk/lib/tinyusb/src/portable/raspberrypi/rp2040/dcd_rp2040.c.o
 .time_critical.hw_handle_buff_status
                0x2000048c       0x88 CMakeFiles/sessionpad.dir/home/sean/applications/pico-sdk/lib/tinyusb/src/portable/raspberrypi/rp2040/dcd_rp2040.c.o
 .time_critical.dcd_rp2040_irq
                0x20000514      0x53c CMakeFiles/sessionpad.dir/home/sean/applications/pico-sdk/lib/tinyusb/src/portable/raspberrypi/rp2040/dcd_rp2040.c.o
 .time_critical.prepare_ep_buffer
                0x20000a50       0xc4 CMakeFiles/sessionpad.dir/home/sean/applications/pico-sdk/lib/tinyusb/src/portable/raspberrypi/rp2040/rp2040_usb.c.o
 .time_critical.sync_ep_buffer
                0x20000b14       0xa0 CMakeFiles/sessionpad.dir/home/sean/applications/pico-sdk/lib/tinyusb/src/portable/raspberrypi/rp2040/rp2040_usb.c.o
 .time_critical._hw_endpoint_xfer_sync
                0x20000bb4       0x28 CMakeFiles/sessionpad.dir/home/sean/applications/pico-sdk/lib/tinyusb/src/portable/raspberrypi/rp2040/rp2040_usb.c.o
 .time_critical.e15_is_bulkin_ep
                0x20000bdc       0x28 CMakeFiles/sessionpad.dir/home/sean/applications/pico-sdk/lib/tinyusb/src/portable/raspberrypi/rp2040/rp2040_usb.c.o
 .time_critical.e15_is_critical_frame_period
                0x20000c04       0x30 CMakeFiles/sessionpad.dir/home/sean/applications/pico-sdk/lib/tinyusb/src/portable/raspberrypi/rp2040/rp2040_usb.c.o
 .time_critical.hw_endpoint_reset_transfer
                0x20000c34        0xc CMakeFiles/sessionpad.dir/home/sean/applications/pico-sdk/lib/tinyusb/src/portable/raspberrypi/rp2040/rp2040_usb.c.o
                0x20000c34                hw_endpoint_reset_transfer
 .time_critical._hw_endpoint_buffer_control_update32
                0x20000c40       0x50 CMakeFiles/sessionpad.dir/home/sean/applications/pico-sdk/lib/tinyusb/src/portable/raspberrypi/rp2040/rp2040_usb.c.o
                0x20000c40                _hw_endpoint_buffer_control_update32
 .time_critical.hw_endpoint_start_next_buffer
                0x20000c90       0x68 CMakeFiles/sessionpad.dir/home/sean/applications/pico-sdk/lib/tinyusb/src/portable/raspberrypi/rp2040/rp2040_usb.c.o
                0x20000c90                hw_endpoint_start_next_buffer
 .time_critical.hw_endpoint_xfer_continue
                0x20000cf8       0x40 CMakeFiles/sessionpad.dir/home/sean/applications/pico-sdk/lib/tinyusb/src/portable/raspberrypi/rp2040/rp2040_usb.c.o
                0x20000cf8                hw_endpoint_xfer_continue
 .time_critical.tinyusb
                0x20000d38      0x1d8 CMakeFiles/sessionpad.dir/home/sean/applications/pico-sdk/lib/tinyusb/src/device/usbd.c.o
                0x20000d38                dcd_event_handler
 *(.text*)
 .text          0x20000f10        0x4 /usr/lib/gcc/arm-none-eabi/15.2.0/thumb/v6-m/nofp/libgcc.a(_dvmd_tls.o)
                0x20000f10                __aeabi_ldiv0
                0x20000f10                __aeabi_idiv0
 *fill*         0x20000f14        0x4 
 .text.__stub   0x20000f18       0x80 linker stubs
                0x20000f98                        . = ALIGN (0x4)
 *(.rodata*)
                0x20000f98                        . = ALIGN (0x4)
 *(.data*)
 .data.striped_spin_lock_num
                0x20000f98        0x1 CMakeFiles/sessionpad.dir/home/sean/applications/pico-sdk/src/rp2_common/hardware_sync/sync.c.o
 *fill*         0x20000f99        0x3 
 .data          0x20000f9c       0x48 CMakeFiles/sessionpad.dir/home/sean/applications/pico-sdk/src/rp2_common/hardware_irq/irq_handler_chain.S.o
                0x20000f9c                irq_handler_chain_slots
                0x20000fcc                irq_handler_chain_first_slot
                0x20000fd6                irq_handler_chain_remove_tail
 .data.default_alarm_pool
                0x20000fe4       0x18 CMakeFiles/sessionpad.dir/home/sean/applications/pico-sdk/src/common/pico_time/time.c.o
 *fill*         0x20000ffc        0x4 
 .data.aeabi_bits_funcs
                0x20001000       0x10 CMakeFiles/sessionpad.dir/home/sean/applications/pico-sdk/src/rp2_common/pico_bit_ops/bit_ops_aeabi.S.o
                0x20001000                aeabi_bits_funcs
                0x20001010                aeabi_bits_funcs_end
 .data.aeabi_mem_funcs
                0x20001010       0x10 CMakeFiles/sessionpad.dir/home/sean/applications/pico-sdk/src/rp2_common/pico_mem_ops/mem_ops_aeabi.S.o
                0x20001010                aeabi_mem_funcs
                0x20001020                aeabi_mem_funcs_end
 .data.stdio_usb
                0x20001020       0x18 CMakeFiles/sessionpad.dir/home/sean/applications/pico-sdk/src/rp2_common/pico_stdio_usb/stdio_usb.c.o
                0x20001020                stdio_usb
 .data._usbd_qdef
                0x20001038       0x1c CMakeFiles/sessionpad.dir/home/sean/applications/pico-sdk/lib/tinyusb/src/device/usbd.c.o
                0x20001038                _usbd_qdef
 .data._usbd_rhport
                0x20001054        0x1 CMakeFiles/sessionpad.dir/home/sean/applications/pico-sdk/lib/tinyusb/src/device/usbd.c.o
 *fill*         0x20001055        0x3 
 .data.__atexit_recursive_mutex
                0x20001058        0x4 /usr/lib/gcc/arm-none-eabi/15.2.0/../../../../arm-none-eabi/lib/thumb/v6-m/nofp/libg.a(libc_a-__call_atexit.o)
                0x20001058                __atexit_recursive_mutex
                0x2000105c                        . = ALIGN (0x4)
 *(.after_data.*)
                0x2000105c                        . = ALIGN (0x4)
                0x2000105c                        PROVIDE (__mutex_array_start = .)
 *(SORT_BY_NAME(.mutex_array.*))
 *(.mutex_array)
 .mutex_array   0x2000105c        0x8 CMakeFiles/sessionpad.dir/home/sean/applications/pico-sdk/src/rp2_common/pico_stdio/stdio.c.o
                0x20001064                        PROVIDE (__mutex_array_end = .)
                0x20001064                        . = ALIGN (0x4)
 *(.jcr)
                0x20001064                        . = ALIGN (0x4)

.tm_clone_table
                0x20001064        0x0 load address 0x10008490
 .tm_clone_table
                0x20001064        0x0 /usr/lib/gcc/arm-none-eabi/15.2.0/thumb/v6-m/nofp/crtbegin.o
 .tm_clone_table
                0x20001064        0x0 /usr/lib/gcc/arm-none-eabi/15.2.0/thumb/v6-m/nofp/crtend.o

.igot.plt       0x20001064        0x0 load address 0x10008490
 .igot.plt      0x20001064        0x0 /usr/lib/gcc/arm-none-eabi/15.2.0/thumb/v6-m/nofp/crtbegin.o

.tdata          0x20001064        0x0 load address 0x10008490
                0x20001064                        . = ALIGN (0x4)
 *(.tdata .tdata.* .gnu.linkonce.td.*)
                0x20001064                        __tdata_end = .
                0x20001064                        PROVIDE (__data_end__ = .)
                0x100074ec                        __etext = LOADADDR (.data)

.tbss           0x20001064        0x0 load address 0x10008490
                0x20001064                        . = ALIGN (0x4)
                0x20001064                        __bss_start__ = .
                0x20001064                        __tls_base = .
 *(.tbss .tbss.* .gnu.linkonce.tb.*)
 *(.tcommon)
                0x20001064                        __tls_end = .

.bss            0x20001068     0x10e4 load address 0x10008490
                0x20001068                        . = ALIGN (0x4)
                0x20001068                        __tbss_end = .
 *(SORT_BY_ALIGNMENT(SORT_BY_NAME(.bss*)))
 .bss._cdcd_itf
                0x20001068       0xc8 CMakeFiles/sessionpad.dir/home/sean/applications/pico-sdk/lib/tinyusb/src/class/cdc/cdc_device.c.o
 .bss.default_alarm_pool_entries
                0x20001130      0x180 CMakeFiles/sessionpad.dir/home/sean/applications/pico-sdk/src/common/pico_time/time.c.o
 .bss.last_avail_time.1
                0x200012b0        0x8 CMakeFiles/sessionpad.dir/home/sean/applications/pico-sdk/src/rp2_common/pico_stdio_usb/stdio_usb.c.o
 .bss.sd_table  0x200012b8      0x100 CMakeFiles/sessionpad.dir/home/sean/applications/pico-sdk/src/rp2_common/pico_double/double_init_rom_rp2040.c.o
                0x200012b8                sd_table
 .bss.sf_table  0x200013b8      0x100 CMakeFiles/sessionpad.dir/home/sean/applications/pico-sdk/src/rp2_common/pico_float/float_init_rom_rp2040.c.o
                0x200013b8                sf_table
 .bss           0x200014b8       0x1c /usr/lib/gcc/arm-none-eabi/15.2.0/thumb/v6-m/nofp/crtbegin.o
 .bss.__atexit  0x200014d4        0x4 /usr/lib/gcc/arm-none-eabi/15.2.0/../../../../arm-none-eabi/lib/thumb/v6-m/nofp/libg.a(libc_a-__call_atexit.o)
                0x200014d4                __atexit
 .bss.__atexit0
                0x200014d8      0x190 /usr/lib/gcc/arm-none-eabi/15.2.0/../../../../arm-none-eabi/lib/thumb/v6-m/nofp/libg.a(libc_a-__atexit.o)
                0x200014d8                __atexit0
 .bss.__lock___atexit_recursive_mutex
                0x20001668        0x1 /usr/lib/gcc/arm-none-eabi/15.2.0/../../../../arm-none-eabi/lib/thumb/v6-m/nofp/libg.a(libc_a-lock.o)
                0x20001668                __lock___atexit_recursive_mutex
 *fill*         0x20001669        0x3 
 .bss._app_driver
                0x2000166c        0x4 CMakeFiles/sessionpad.dir/home/sean/applications/pico-sdk/lib/tinyusb/src/device/usbd.c.o
 .bss._cdcd_epbuf
                0x20001670       0x80 CMakeFiles/sessionpad.dir/home/sean/applications/pico-sdk/lib/tinyusb/src/class/cdc/cdc_device.c.o
 .bss._cdcd_fifo_cfg
                0x200016f0        0x1 CMakeFiles/sessionpad.dir/home/sean/applications/pico-sdk/lib/tinyusb/src/class/cdc/cdc_device.c.o
 *fill*         0x200016f1        0x3 
 .bss._ctrl_epbuf
                0x200016f4       0x40 CMakeFiles/sessionpad.dir/home/sean/applications/pico-sdk/lib/tinyusb/src/device/usbd_control.c.o
 .bss._ctrl_xfer
                0x20001734       0x14 CMakeFiles/sessionpad.dir/home/sean/applications/pico-sdk/lib/tinyusb/src/device/usbd_control.c.o
 .bss._tusb_rhport_role
                0x20001748        0x2 CMakeFiles/sessionpad.dir/home/sean/applications/pico-sdk/lib/tinyusb/src/tusb.c.o
                0x20001748                _tusb_rhport_role
 *fill*         0x2000174a        0x2 
 .bss._ubsd_mutexdef
                0x2000174c        0x8 CMakeFiles/sessionpad.dir/home/sean/applications/pico-sdk/lib/tinyusb/src/device/usbd.c.o
 .bss._usbd_dev
                0x20001754       0x54 CMakeFiles/sessionpad.dir/home/sean/applications/pico-sdk/lib/tinyusb/src/device/usbd.c.o
 .bss._usbd_mutex
                0x200017a8        0x4 CMakeFiles/sessionpad.dir/home/sean/applications/pico-sdk/lib/tinyusb/src/device/usbd.c.o
 .bss._usbd_q   0x200017ac        0x4 CMakeFiles/sessionpad.dir/home/sean/applications/pico-sdk/lib/tinyusb/src/device/usbd.c.o
 .bss._usbd_qdef_buf
                0x200017b0       0xc0 CMakeFiles/sessionpad.dir/home/sean/applications/pico-sdk/lib/tinyusb/src/device/usbd.c.o
                0x200017b0                _usbd_qdef_buf
 .bss._vendord_epbuf
                0x20001870       0x80 CMakeFiles/sessionpad.dir/home/sean/applications/pico-sdk/lib/tinyusb/src/class/vendor/vendor_device.c.o
 .bss._vendord_itf
                0x200018f0      0x24c CMakeFiles/sessionpad.dir/home/sean/applications/pico-sdk/lib/tinyusb/src/class/vendor/vendor_device.c.o
 .bss.boot2_copyout
                0x20001b3c      0x100 CMakeFiles/sessionpad.dir/home/sean/applications/pico-sdk/src/rp2_common/hardware_flash/flash.c.o
 .bss.buttons   0x20001c3c       0x27 CMakeFiles/sessionpad.dir/main.c.o
 *fill*         0x20001c63        0x1 
 .bss.chars_available_callback
                0x20001c64        0x4 CMakeFiles/sessionpad.dir/home/sean/applications/pico-sdk/src/rp2_common/pico_stdio_usb/stdio_usb.c.o
 .bss.chars_available_param
                0x20001c68        0x4 CMakeFiles/sessionpad.dir/home/sean/applications/pico-sdk/src/rp2_common/pico_stdio_usb/stdio_usb.c.o
 .bss.claimed   0x20001c6c        0x4 CMakeFiles/sessionpad.dir/home/sean/applications/pico-sdk/src/rp2_common/hardware_sync/sync.c.o
 .bss.claimed   0x20001c70        0x1 CMakeFiles/sessionpad.dir/home/sean/applications/pico-sdk/src/rp2_common/hardware_timer/timer.c.o
 *fill*         0x20001c71        0x3 
 .bss.cmd_buf   0x20001c74       0x20 CMakeFiles/sessionpad.dir/main.c.o
 .bss.cmd_len   0x20001c94        0x4 CMakeFiles/sessionpad.dir/main.c.o
 .bss.configured_freq
                0x20001c98       0x28 CMakeFiles/sessionpad.dir/home/sean/applications/pico-sdk/src/rp2_common/hardware_clocks/clocks.c.o
 .bss.desc_str.0
                0x20001cc0       0x28 CMakeFiles/sessionpad.dir/home/sean/applications/pico-sdk/src/rp2_common/pico_stdio_usb/stdio_usb_descriptors.c.o
 .bss.drivers   0x20001ce8        0x4 CMakeFiles/sessionpad.dir/home/sean/applications/pico-sdk/src/rp2_common/pico_stdio/stdio.c.o
 .bss.e15_last_sof
                0x20001cec        0x4 CMakeFiles/sessionpad.dir/home/sean/applications/pico-sdk/lib/tinyusb/src/portable/raspberrypi/rp2040/rp2040_usb.c.o
                0x20001cec                e15_last_sof
 .bss.filter    0x20001cf0        0x4 CMakeFiles/sessionpad.dir/home/sean/applications/pico-sdk/src/rp2_common/pico_stdio/stdio.c.o
 .bss.hw_endpoints
                0x20001cf4      0x400 CMakeFiles/sessionpad.dir/home/sean/applications/pico-sdk/lib/tinyusb/src/portable/raspberrypi/rp2040/dcd_rp2040.c.o
 .bss.lazy_vsnprintf
                0x200020f4        0x4 CMakeFiles/sessionpad.dir/home/sean/applications/pico-sdk/src/rp2_common/pico_printf/printf.c.o
 .bss.load_value
                0x200020f8        0x4 CMakeFiles/sessionpad.dir/home/sean/applications/pico-sdk/src/rp2_common/hardware_watchdog/watchdog.c.o
 .bss.next_buffer_ptr
                0x200020fc        0x4 CMakeFiles/sessionpad.dir/home/sean/applications/pico-sdk/lib/tinyusb/src/portable/raspberrypi/rp2040/dcd_rp2040.c.o
 .bss.one_shot_timer_crit_sec
                0x20002100        0x8 CMakeFiles/sessionpad.dir/home/sean/applications/pico-sdk/src/rp2_common/pico_stdio_usb/stdio_usb.c.o
 .bss.pools     0x20002108       0x10 CMakeFiles/sessionpad.dir/home/sean/applications/pico-sdk/src/common/pico_time/time.c.o
 .bss.retrieved_id
                0x20002118        0x8 CMakeFiles/sessionpad.dir/home/sean/applications/pico-sdk/src/rp2_common/pico_unique_id/unique_id.c.o
 .bss.sf_clz_func
                0x20002120        0x4 CMakeFiles/sessionpad.dir/home/sean/applications/pico-sdk/src/rp2_common/pico_double/double_init_rom_rp2040.c.o
                0x20002120                sf_clz_func
 .bss.sleep_notifier
                0x20002124        0x4 CMakeFiles/sessionpad.dir/home/sean/applications/pico-sdk/src/common/pico_time/time.c.o
 .bss.stdio_usb_mutex
                0x20002128        0x8 CMakeFiles/sessionpad.dir/home/sean/applications/pico-sdk/src/rp2_common/pico_stdio_usb/stdio_usb.c.o
 .bss.usbd_serial_str
                0x20002130       0x11 CMakeFiles/sessionpad.dir/home/sean/applications/pico-sdk/src/rp2_common/pico_stdio_usb/stdio_usb_descriptors.c.o
 .bss._app_driver_count
                0x20002141        0x1 CMakeFiles/sessionpad.dir/home/sean/applications/pico-sdk/lib/tinyusb/src/device/usbd.c.o
 .bss._sof_enable
                0x20002142        0x1 CMakeFiles/sessionpad.dir/home/sean/applications/pico-sdk/lib/tinyusb/src/portable/raspberrypi/rp2040/dcd_rp2040.c.o
 .bss._usbd_queued_setup
                0x20002143        0x1 CMakeFiles/sessionpad.dir/home/sean/applications/pico-sdk/lib/tinyusb/src/device/usbd.c.o
 .bss.boot2_copyout_valid
                0x20002144        0x1 CMakeFiles/sessionpad.dir/home/sean/applications/pico-sdk/src/rp2_common/hardware_flash/flash.c.o
 .bss.irq_handler_chain_free_slot_head
                0x20002145        0x1 CMakeFiles/sessionpad.dir/home/sean/applications/pico-sdk/src/rp2_common/hardware_irq/irq.c.o
 .bss.itf_num   0x20002146        0x1 CMakeFiles/sessionpad.dir/home/sean/applications/pico-sdk/src/rp2_common/pico_stdio_usb/reset_interface.c.o
 .bss.low_priority_irq_num
                0x20002147        0x1 CMakeFiles/sessionpad.dir/home/sean/applications/pico-sdk/src/rp2_common/pico_stdio_usb/stdio_usb.c.o
 .bss.one_shot_timer_pending
                0x20002148        0x1 CMakeFiles/sessionpad.dir/home/sean/applications/pico-sdk/src/rp2_common/pico_stdio_usb/stdio_usb.c.o
 .bss.user_irq_claimed
                0x20002149        0x1 CMakeFiles/sessionpad.dir/home/sean/applications/pico-sdk/src/rp2_common/hardware_irq/irq.c.o
 *(COMMON)
                0x2000214c                        . = ALIGN (0x4)
 *fill*         0x2000214a        0x2 
                0x2000214c                        __bss_end__ = .

.heap           0x2000214c      0x800 load address 0x10008490
                0x2000214c                        __end__ = .
                0x2000214c                        end = __end__
 *(.heap*)
 .heap          0x2000214c      0x800 CMakeFiles/sessionpad.dir/home/sean/applications/pico-sdk/src/rp2_common/pico_crt0/crt0.S.o
                0x20040000                        __HeapLimit = (ORIGIN (RAM) + LENGTH (RAM))

.scratch_x      0x20040000        0x0 load address 0x10008490
                0x20040000                        __scratch_x_start__ = .
 *(.scratch_x.*)
                0x20040000                        . = ALIGN (0x4)
                0x20040000                        __scratch_x_end__ = .
                0x10008490                        __scratch_x_source__ = LOADADDR (.scratch_x)

.scratch_y      0x20041000        0x0 load address 0x10008490
                0x20041000                        __scratch_y_start__ = .
 *(.scratch_y.*)
                0x20041000                        . = ALIGN (0x4)
                0x20041000                        __scratch_y_end__ = .
                0x10008490                        __scratch_y_source__ = LOADADDR (.scratch_y)

.stack1_dummy
 *(.stack1*)

.stack_dummy    0x20041000      0x800
 *(.stack*)
 .stack         0x20041000      0x800 CMakeFiles/sessionpad.dir/home/sean/applications/pico-sdk/src/rp2_common/pico_crt0/crt0.S.o

.rel.dyn        0x20041800        0x0
 .rel.iplt      0x20041800        0x0 /usr/lib/gcc/arm-none-eabi/15.2.0/thumb/v6-m/nofp/crtbegin.o

.flash_end      0x10008490        0x0
 *(.embedded_end_block*)
                0x10008490                        PROVIDE (__flash_binary_end = .)
                0x20040000                        __StackLimit = (ORIGIN (RAM) + LENGTH (RAM))
                0x20041000                        __StackOneTop = (ORIGIN (SCRATCH_X) + LENGTH (SCRATCH_X))
                0x20042000                        __StackTop = (ORIGIN (SCRATCH_Y) + LENGTH (SCRATCH_Y))
                0x20041000                        __StackOneBottom = (__StackOneTop - SIZEOF (.stack1_dummy))
                0x20041800                        __StackBottom = (__StackTop - SIZEOF (.stack_dummy))
                0x20042000                        PROVIDE (__stack = __StackTop)
                [!provide]                        PROVIDE (__heap_start = __end__)
                [!provide]                        PROVIDE (__heap_end = __HeapLimit)
                [!provide]                        PROVIDE (__tls_align = MAX (ALIGNOF (.tdata), ALIGNOF (.tbss)))
                [!provide]                        PROVIDE (__tls_size_align = (((__tls_size + __tls_align) - 0x1) & ~ ((__tls_align - 0x1))))
                [!provide]                        PROVIDE (__arm32_tls_tcb_offset = MAX (0x8, __tls_align))
                [!provide]                        PROVIDE (_end = __end__)
                [!provide]                        PROVIDE (__llvm_libc_heap_limit = __HeapLimit)
                0x00000001                        ASSERT ((__StackLimit >= __HeapLimit), region RAM overflowed)
                0x00000001                        ASSERT (((__binary_info_header_end - __logical_binary_start) <= 0x100), Binary info must be in first 256 bytes of the binary)
LOAD CMakeFiles/sessionpad.dir/main.c.o
LOAD CMakeFiles/sessionpad.dir/home/sean/applications/pico-sdk/src/rp2_common/pico_stdlib/stdlib.c.o
LOAD CMakeFiles/sessionpad.dir/home/sean/applications/pico-sdk/src/rp2_common/hardware_gpio/gpio.c.o
LOAD CMakeFiles/sessionpad.dir/home/sean/applications/pico-sdk/src/rp2040/pico_platform/platform.c.o
LOAD CMakeFiles/sessionpad.dir/home/sean/applications/pico-sdk/src/rp2_common/pico_platform_common/common.c.o
LOAD CMakeFiles/sessionpad.dir/home/sean/applications/pico-sdk/src/rp2_common/pico_platform_panic/panic.c.o
LOAD CMakeFiles/sessionpad.dir/home/sean/applications/pico-sdk/src/common/hardware_claim/claim.c.o
LOAD CMakeFiles/sessionpad.dir/home/sean/applications/pico-sdk/src/rp2_common/hardware_sync/sync.c.o
LOAD CMakeFiles/sessionpad.dir/home/sean/applications/pico-sdk/src/rp2_common/hardware_sync_spin_lock/sync_spin_lock.c.o
LOAD CMakeFiles/sessionpad.dir/home/sean/applications/pico-sdk/src/rp2_common/hardware_irq/irq.c.o
LOAD CMakeFiles/sessionpad.dir/home/sean/applications/pico-sdk/src/rp2_common/hardware_irq/irq_handler_chain.S.o
LOAD CMakeFiles/sessionpad.dir/home/sean/applications/pico-sdk/src/common/pico_sync/sem.c.o
LOAD CMakeFiles/sessionpad.dir/home/sean/applications/pico-sdk/src/common/pico_sync/lock_core.c.o
LOAD CMakeFiles/sessionpad.dir/home/sean/applications/pico-sdk/src/common/pico_sync/mutex.c.o
LOAD CMakeFiles/sessionpad.dir/home/sean/applications/pico-sdk/src/common/pico_sync/critical_section.c.o
LOAD CMakeFiles/sessionpad.dir/home/sean/applications/pico-sdk/src/common/pico_time/time.c.o
LOAD CMakeFiles/sessionpad.dir/home/sean/applications/pico-sdk/src/common/pico_time/timeout_helper.c.o
LOAD CMakeFiles/sessionpad.dir/home/sean/applications/pico-sdk/src/rp2_common/hardware_timer/timer.c.o
LOAD CMakeFiles/sessionpad.dir/home/sean/applications/pico-sdk/src/common/pico_util/datetime.c.o
LOAD CMakeFiles/sessionpad.dir/home/sean/applications/pico-sdk/src/common/pico_util/pheap.c.o
LOAD CMakeFiles/sessionpad.dir/home/sean/applications/pico-sdk/src/common/pico_util/queue.c.o
LOAD CMakeFiles/sessionpad.dir/home/sean/applications/pico-sdk/src/rp2_common/hardware_uart/uart.c.o
LOAD CMakeFiles/sessionpad.dir/home/sean/applications/pico-sdk/src/rp2_common/hardware_clocks/clocks.c.o
LOAD CMakeFiles/sessionpad.dir/home/sean/applications/pico-sdk/src/rp2_common/hardware_pll/pll.c.o
LOAD CMakeFiles/sessionpad.dir/home/sean/applications/pico-sdk/src/rp2_common/hardware_vreg/vreg.c.o
LOAD CMakeFiles/sessionpad.dir/home/sean/applications/pico-sdk/src/rp2_common/hardware_watchdog/watchdog.c.o
LOAD CMakeFiles/sessionpad.dir/home/sean/applications/pico-sdk/src/rp2_common/hardware_ticks/ticks.c.o
LOAD CMakeFiles/sessionpad.dir/home/sean/applications/pico-sdk/src/rp2_common/pico_bootrom/bootrom.c.o
LOAD CMakeFiles/sessionpad.dir/home/sean/applications/pico-sdk/src/rp2_common/pico_bootrom/bootrom_lock.c.o
LOAD CMakeFiles/sessionpad.dir/home/sean/applications/pico-sdk/src/rp2_common/hardware_boot_lock/boot_lock.c.o
LOAD CMakeFiles/sessionpad.dir/home/sean/applications/pico-sdk/src/rp2_common/pico_flash/flash.c.o
LOAD CMakeFiles/sessionpad.dir/home/sean/applications/pico-sdk/src/rp2_common/hardware_xosc/xosc.c.o
LOAD CMakeFiles/sessionpad.dir/home/sean/applications/pico-sdk/src/rp2_common/hardware_divider/divider.S.o
LOAD CMakeFiles/sessionpad.dir/home/sean/applications/pico-sdk/src/rp2_common/pico_runtime/runtime.c.o
LOAD CMakeFiles/sessionpad.dir/home/sean/applications/pico-sdk/src/rp2_common/pico_runtime_init/runtime_init.c.o
LOAD CMakeFiles/sessionpad.dir/home/sean/applications/pico-sdk/src/rp2_common/pico_runtime_init/runtime_init_clocks.c.o
LOAD CMakeFiles/sessionpad.dir/home/sean/applications/pico-sdk/src/rp2_common/pico_runtime_init/runtime_init_stack_guard.c.o